******************************************************************************
            TI ARM Clang Linker PC v4.0.3                      
******************************************************************************
>> Linked Sun Jul 20 11:08:05 2025

OUTPUT FILE NAME:   <mspm0-modules.out>
ENTRY POINT SYMBOL: "_c_int00_noargs"  address: 00005a79


MEMORY CONFIGURATION

         name            origin    length      used     unused   attr    fill
----------------------  --------  ---------  --------  --------  ----  --------
  FLASH                 00000000   00020000  00007810  000187f0  R  X
  SRAM                  20200000   00008000  000002af  00007d51  RW X
  BCR_CONFIG            41c00000   000000ff  00000000  000000ff  R   
  BSL_CONFIG            41c00100   00000080  00000000  00000080  R   


SEGMENT ALLOCATION MAP

run origin  load origin   length   init length attrs members
----------  ----------- ---------- ----------- ----- -------
00000000    00000000    00007810   00007810    r-x
  00000000    00000000    000000c0   000000c0    r-- .intvecs
  000000c0    000000c0    000060e0   000060e0    r-x .text
  000061a0    000061a0    00001630   00001630    r-- .rodata
  000077d0    000077d0    00000040   00000040    r-- .cinit
20200000    20200000    000000af   00000000    rw-
  20200000    20200000    00000058   00000000    rw- .data
  20200058    20200058    00000057   00000000    rw- .bss
20207e00    20207e00    00000200   00000000    rw-
  20207e00    20207e00    00000200   00000000    rw- .stack


SECTION ALLOCATION MAP

 output                                  attributes/
section   page    origin      length       input sections
--------  ----  ----------  ----------   ----------------
.intvecs   0    00000000    000000c0     
                  00000000    000000c0     startup_mspm0g350x_ticlang.o (.intvecs)

.text      0    000000c0    000060e0     
                  000000c0    000009d0     libc.a : _printfi.c.obj (.text:__TI_printfi)
                  00000a90    00000364            : e_asin.c.obj (.text.asin)
                  00000df4    000002f8            : s_atan.c.obj (.text.atan)
                  000010ec    00000278     inv_mpu_dmp_motion_driver.o (.text.dmp_enable_feature)
                  00001364    00000238     inv_mpu_dmp_motion_driver.o (.text.dmp_set_tap_thresh)
                  0000159c    0000022c     mpu6050.o (.text.Read_Quad)
                  000017c8    0000022c     inv_mpu.o (.text.mpu_reset_fifo)
                  000019f4    00000220     libc.a : _printfi.c.obj (.text._pconv_a)
                  00001c14    000001f4     inv_mpu_dmp_motion_driver.o (.text.dmp_read_fifo)
                  00001e08    000001dc     libc.a : _printfi.c.obj (.text._pconv_g)
                  00001fe4    000001bc     main.o (.text.main)
                  000021a0    000001a0     inv_mpu.o (.text.mpu_set_bypass)
                  00002340    00000192     libclang_rt.builtins.a : adddf3.S.obj (.text.adddf3_subdf3)
                  000024d2    00000002                            : aeabi_div0.c.obj (.text.__aeabi_idiv0)
                  000024d4    00000188     libc.a : e_atan2.c.obj (.text.atan2)
                  0000265c    00000178     inv_mpu_dmp_motion_driver.o (.text.dmp_set_orientation)
                  000027d4    00000170     libc.a : e_sqrt.c.obj (.text.sqrt)
                  00002944    00000144     mpu6050.o (.text.MPU6050_Init)
                  00002a88    0000013c     libc.a : _printfi.c.obj (.text.fcvt)
                  00002bc4    00000134     mspm0_i2c.o (.text.mspm0_i2c_read)
                  00002cf8    00000130     inv_mpu.o (.text.mpu_set_sensors)
                  00002e28    00000128     inv_mpu.o (.text.mpu_init)
                  00002f50    00000124     inv_mpu.o (.text.mpu_load_firmware)
                  00003074    00000120     libc.a : _printfi.c.obj (.text._pconv_e)
                  00003194    00000118     oled_software_i2c.o (.text.OLED_ShowChar)
                  000032ac    0000010c     libclang_rt.builtins.a : divdf3.S.obj (.text.__divdf3)
                  000033b8    00000108     inv_mpu.o (.text.mpu_read_fifo_stream)
                  000034c0    00000100     inv_mpu.o (.text.mpu_lp_accel_mode)
                  000035c0    000000fa     oled_software_i2c.o (.text.OLED_Init)
                  000036ba    00000002     libclang_rt.builtins.a : aeabi_div0.c.obj (.text.__aeabi_ldiv0)
                  000036bc    000000ec     inv_mpu.o (.text.mpu_set_sample_rate)
                  000037a8    000000e4     libclang_rt.builtins.a : muldf3.S.obj (.text.__muldf3)
                  0000388c    000000e4     inv_mpu.o (.text.mpu_set_accel_fsr)
                  00003970    000000dc     driverlib.a : dl_sysctl_mspm0g1x0x_g3x0x.o (.text.DL_SYSCTL_configSYSPLL)
                  00003a4c    000000d8     libc.a : s_scalbn.c.obj (.text.scalbn)
                  00003b24    000000d8     libclang_rt.builtins.a : addsf3.S.obj (.text)
                  00003bfc    000000d4     inv_mpu.o (.text.set_int_enable)
                  00003cd0    000000d0     inv_mpu.o (.text.mpu_set_lpf)
                  00003da0    000000c4     inv_mpu.o (.text.mpu_set_gyro_fsr)
                  00003e64    000000c4     mspm0_i2c.o (.text.mspm0_i2c_write)
                  00003f28    000000bc     inv_mpu.o (.text.mpu_configure_fifo)
                  00003fe4    000000b8     inv_mpu.o (.text.mpu_set_dmp_state)
                  0000409c    000000ac     inv_mpu.o (.text.mpu_read_mem)
                  00004148    000000ac     inv_mpu.o (.text.mpu_write_mem)
                  000041f4    000000a2     libclang_rt.builtins.a : udivmoddi4.S.obj (.text)
                  00004296    00000002     --HOLE-- [fill = 0]
                  00004298    0000009c     ti_msp_dl_config.o (.text.SYSCFG_DL_GPIO_init)
                  00004334    0000009c     inv_mpu.o (.text.mpu_set_int_latched)
                  000043d0    00000098     inv_mpu_dmp_motion_driver.o (.text.dmp_set_fifo_rate)
                  00004468    00000096     mpu6050.o (.text.inv_row_2_scale)
                  000044fe    00000002     --HOLE-- [fill = 0]
                  00004500    0000008c     libclang_rt.builtins.a : mulsf3.S.obj (.text.__mulsf3)
                  0000458c    0000008c     inv_mpu_dmp_motion_driver.o (.text.decode_gesture)
                  00004618    00000084     clock.o (.text.__NVIC_SetPriority)
                  0000469c    00000084     ti_msp_dl_config.o (.text.__NVIC_SetPriority)
                  00004720    00000082     libclang_rt.builtins.a : divsf3.S.obj (.text.__divsf3)
                  000047a2    00000002     --HOLE-- [fill = 0]
                  000047a4    0000007c     oled_software_i2c.o (.text.Send_Byte)
                  00004820    0000007c     libc.a : copy_decompress_lzss.c.obj (.text:decompress:lzss)
                  0000489c    00000074     libclang_rt.builtins.a : comparedf2.c.obj (.text.__gedf2)
                  00004910    00000074                            : truncdfsf2.S.obj (.text.__truncdfsf2)
                  00004984    00000074     inv_mpu.o (.text.mpu_get_accel_fsr)
                  000049f8    00000070     oled_software_i2c.o (.text.OLED_ShowString)
                  00004a68    0000006a     oled_software_i2c.o (.text.OLED_Clear)
                  00004ad2    00000002     --HOLE-- [fill = 0]
                  00004ad4    00000068     libclang_rt.builtins.a : comparedf2.c.obj (.text.__ledf2)
                  00004b3c    00000066     libc.a : _printfi.c.obj (.text._mcpy)
                  00004ba2    00000066     inv_mpu_dmp_motion_driver.o (.text.dmp_set_tap_axes)
                  00004c08    00000062     libclang_rt.builtins.a : aeabi_dcmp.S.obj (.text.__aeabi_dcmp)
                  00004c6a    00000002     --HOLE-- [fill = 0]
                  00004c6c    00000060     inv_mpu_dmp_motion_driver.o (.text.dmp_enable_gyro_cal)
                  00004ccc    00000060     mspm0_i2c.o (.text.mpu6050_i2c_sda_unlock)
                  00004d2c    00000060     inv_mpu.o (.text.mpu_get_gyro_fsr)
                  00004d8c    0000005e     driverlib.a : dl_i2c.o (.text.DL_I2C_fillControllerTXFIFO)
                  00004dea    00000002     --HOLE-- [fill = 0]
                  00004dec    0000005c     libc.a : s_frexp.c.obj (.text.frexp)
                  00004e48    0000005c     mspm0_i2c.o (.text.mspm0_i2c_enable)
                  00004ea4    00000058     ti_msp_dl_config.o (.text.SYSCFG_DL_I2C_MPU6050_init)
                  00004efc    00000058     libc.a : _ltoa.c.obj (.text.__TI_ltoa)
                  00004f54    00000058            : _printfi.c.obj (.text._pconv_f)
                  00004fac    00000056     libclang_rt.builtins.a : aeabi_idivmod.S.obj (.text.__aeabi_idivmod)
                  00005002    00000052     libc.a : _printfi.c.obj (.text._ecpy)
                  00005054    00000050     mspm0_i2c.o (.text.DL_I2C_startControllerTransfer)
                  000050a4    00000050     clock.o (.text.SysTick_Config)
                  000050f4    0000004e     oled_software_i2c.o (.text.OLED_WR_Byte)
                  00005142    00000002     --HOLE-- [fill = 0]
                  00005144    0000004a     libclang_rt.builtins.a : fixdfsi.S.obj (.text.__fixdfsi)
                  0000518e    00000002     --HOLE-- [fill = 0]
                  00005190    00000048     ti_msp_dl_config.o (.text.SYSCFG_DL_SYSCTL_init)
                  000051d8    00000048     inv_mpu_dmp_motion_driver.o (.text.dmp_enable_6x_lp_quat)
                  00005220    00000048     inv_mpu_dmp_motion_driver.o (.text.dmp_enable_lp_quat)
                  00005268    00000048     mspm0_i2c.o (.text.mspm0_i2c_disable)
                  000052b0    00000044     driverlib.a : dl_sysctl_mspm0g1x0x_g3x0x.o (.text.DL_SYSCTL_switchMCLKfromSYSOSCtoHSCLK)
                  000052f4    00000044     ti_msp_dl_config.o (.text.SYSCFG_DL_initPower)
                  00005338    00000044     inv_mpu_dmp_motion_driver.o (.text.dmp_set_shake_reject_thresh)
                  0000537c    00000044     inv_mpu_dmp_motion_driver.o (.text.dmp_set_tap_count)
                  000053c0    00000040     libclang_rt.builtins.a : aeabi_uidivmod.S.obj (.text.__aeabi_uidivmod)
                  00005400    00000040                            : extendsfdf2.S.obj (.text.__extendsfdf2)
                  00005440    00000040     libc.a : atoi.c.obj (.text.atoi)
                  00005480    0000003e     mpu6050.o (.text.inv_orientation_matrix_to_scalar)
                  000054be    00000002     --HOLE-- [fill = 0]
                  000054c0    0000003c     mspm0_i2c.o (.text.DL_GPIO_initPeripheralInputFunctionFeatures)
                  000054fc    0000003c     ti_msp_dl_config.o (.text.DL_GPIO_initPeripheralInputFunctionFeatures)
                  00005538    0000003c     driverlib.a : dl_i2c.o (.text.DL_I2C_flushControllerTXFIFO)
                  00005574    0000003c     oled_software_i2c.o (.text.OLED_Set_Pos)
                  000055b0    0000003c     libclang_rt.builtins.a : floatsisf.S.obj (.text.__floatsisf)
                  000055ec    0000003c     libc.a : autoinit.c.obj (.text:__TI_auto_init_nobinit_nopinit)
                  00005628    0000003a     libclang_rt.builtins.a : muldsi3.S.obj (.text.__muldsi3)
                  00005662    00000002     --HOLE-- [fill = 0]
                  00005664    00000038     oled_software_i2c.o (.text.I2C_Start)
                  0000569c    00000038     libclang_rt.builtins.a : fixsfsi.S.obj (.text.__fixsfsi)
                  000056d4    00000038     libc.a : sprintf.c.obj (.text.sprintf)
                  0000570c    00000034     mspm0_i2c.o (.text.DL_GPIO_initDigitalInputFeatures)
                  00005740    00000034     ti_msp_dl_config.o (.text.DL_GPIO_initDigitalInputFeatures)
                  00005774    00000034     inv_mpu.o (.text.mpu_get_sample_rate)
                  000057a8    00000032     inv_mpu_dmp_motion_driver.o (.text.dmp_set_shake_reject_time)
                  000057da    00000032     inv_mpu_dmp_motion_driver.o (.text.dmp_set_shake_reject_timeout)
                  0000580c    00000030     oled_software_i2c.o (.text.I2C_Stop)
                  0000583c    00000030     oled_software_i2c.o (.text.I2C_WaitAck)
                  0000586c    00000030     libc.a : _printfi.c.obj (.text._fcpy)
                  0000589c    00000030     inv_mpu_dmp_motion_driver.o (.text.dmp_set_tap_time)
                  000058cc    00000030     inv_mpu_dmp_motion_driver.o (.text.dmp_set_tap_time_multi)
                  000058fc    00000030     clock.o (.text.mspm0_delay_ms)
                  0000592c    0000002c     interrupt.o (.text.__NVIC_EnableIRQ)
                  00005958    0000002c     libclang_rt.builtins.a : floatsidf.S.obj (.text.__floatsidf)
                  00005984    0000002c     clock.o (.text.mspm0_get_clock_ms)
                  000059b0    00000028     mspm0_i2c.o (.text.DL_Common_updateReg)
                  000059d8    00000028     ti_msp_dl_config.o (.text.DL_Common_updateReg)
                  00005a00    00000028     ti_msp_dl_config.o (.text.DL_I2C_setControllerRXFIFOThreshold)
                  00005a28    00000028     ti_msp_dl_config.o (.text.DL_I2C_setControllerTXFIFOThreshold)
                  00005a50    00000028     libclang_rt.builtins.a : floatunsisf.S.obj (.text.__floatunsisf)
                  00005a78    00000028     libc.a : boot_cortex_m.c.obj (.text:_c_int00_noargs)
                  00005aa0    00000026     ti_msp_dl_config.o (.text.DL_I2C_setAnalogGlitchFilterPulseWidth)
                  00005ac6    00000026     driverlib.a : dl_i2c.o (.text.DL_I2C_setClockConfig)
                  00005aec    00000024     libclang_rt.builtins.a : muldi3.S.obj (.text.__muldi3)
                  00005b10    00000022     libc.a : memccpy.c.obj (.text.memccpy)
                  00005b32    00000002     --HOLE-- [fill = 0]
                  00005b34    00000020     ti_msp_dl_config.o (.text.DL_SYSCTL_setFlashWaitState)
                  00005b54    00000020     libc.a : memcmp.c.obj (.text.memcmp)
                  00005b74    0000001e     libclang_rt.builtins.a : ashldi3.S.obj (.text.__ashldi3)
                  00005b92    00000002     --HOLE-- [fill = 0]
                  00005b94    0000001c     ti_msp_dl_config.o (.text.DL_GPIO_clearInterruptStatus)
                  00005bb0    0000001c     mspm0_i2c.o (.text.DL_GPIO_enableHiZ)
                  00005bcc    0000001c     ti_msp_dl_config.o (.text.DL_GPIO_enableHiZ)
                  00005be8    0000001c     ti_msp_dl_config.o (.text.DL_GPIO_enableInterrupt)
                  00005c04    0000001c     mpu6050.o (.text.DL_I2C_getSDAStatus)
                  00005c20    0000001c     mspm0_i2c.o (.text.DL_I2C_isControllerRXFIFOEmpty)
                  00005c3c    0000001c     interrupt.o (.text.DL_Interrupt_getPendingGroup)
                  00005c58    0000001c     ti_msp_dl_config.o (.text.DL_SYSCTL_setSYSOSCFreq)
                  00005c74    0000001c     ti_msp_dl_config.o (.text.DL_SYSCTL_setULPCLKDivider)
                  00005c90    0000001c     interrupt.o (.text.Interrupt_Init)
                  00005cac    0000001c     inv_mpu_dmp_motion_driver.o (.text.dmp_load_motion_driver_firmware)
                  00005cc8    00000018     mspm0_i2c.o (.text.DL_GPIO_enableOutput)
                  00005ce0    00000018     ti_msp_dl_config.o (.text.DL_GPIO_enableOutput)
                  00005cf8    00000018     ti_msp_dl_config.o (.text.DL_GPIO_enablePower)
                  00005d10    00000018     mspm0_i2c.o (.text.DL_GPIO_initDigitalOutput)
                  00005d28    00000018     ti_msp_dl_config.o (.text.DL_GPIO_initDigitalOutput)
                  00005d40    00000018     ti_msp_dl_config.o (.text.DL_GPIO_reset)
                  00005d58    00000018     mspm0_i2c.o (.text.DL_GPIO_setPins)
                  00005d70    00000018     oled_software_i2c.o (.text.DL_GPIO_setPins)
                  00005d88    00000018     ti_msp_dl_config.o (.text.DL_GPIO_setUpperPinsPolarity)
                  00005da0    00000018     mspm0_i2c.o (.text.DL_I2C_clearInterruptStatus)
                  00005db8    00000018     ti_msp_dl_config.o (.text.DL_I2C_enableAnalogGlitchFilter)
                  00005dd0    00000018     ti_msp_dl_config.o (.text.DL_I2C_enableController)
                  00005de8    00000018     ti_msp_dl_config.o (.text.DL_I2C_enableControllerClockStretching)
                  00005e00    00000018     mspm0_i2c.o (.text.DL_I2C_enablePower)
                  00005e18    00000018     ti_msp_dl_config.o (.text.DL_I2C_enablePower)
                  00005e30    00000018     mspm0_i2c.o (.text.DL_I2C_getRawInterruptStatus)
                  00005e48    00000018     mspm0_i2c.o (.text.DL_I2C_reset)
                  00005e60    00000018     ti_msp_dl_config.o (.text.DL_I2C_reset)
                  00005e78    00000018     ti_msp_dl_config.o (.text.DL_I2C_setTimerPeriod)
                  00005e90    00000018     ti_msp_dl_config.o (.text.DL_SYSCTL_setBORThreshold)
                  00005ea8    00000018     clock.o (.text.SysTick_Init)
                  00005ec0    00000018     libc.a : sprintf.c.obj (.text._outs)
                  00005ed8    00000016     mspm0_i2c.o (.text.DL_GPIO_readPins)
                  00005eee    00000016     mspm0_i2c.o (.text.DL_I2C_transmitControllerData)
                  00005f04    00000016     interrupt.o (.text.GROUP1_IRQHandler)
                  00005f1a    00000016     libc.a : copy_zero_init.c.obj (.text:decompress:ZI:__TI_zero_init_nomemset)
                  00005f30    00000014     mspm0_i2c.o (.text.DL_GPIO_clearPins)
                  00005f44    00000014     oled_software_i2c.o (.text.DL_GPIO_clearPins)
                  00005f58    00000014     ti_msp_dl_config.o (.text.DL_GPIO_clearPins)
                  00005f6c    00000014     mspm0_i2c.o (.text.DL_I2C_getControllerStatus)
                  00005f80    00000014     mspm0_i2c.o (.text.DL_I2C_receiveControllerData)
                  00005f94    00000014     ti_msp_dl_config.o (.text.DL_I2C_resetControllerTransfer)
                  00005fa8    00000014     ti_msp_dl_config.o (.text.DL_SYSCTL_disableSYSPLL)
                  00005fbc    00000014     ti_msp_dl_config.o (.text.SYSCFG_DL_init)
                  00005fd0    00000014     libclang_rt.builtins.a : aeabi_uldivmod.S.obj (.text.__aeabi_uldivmod)
                  00005fe4    00000014     inv_mpu_dmp_motion_driver.o (.text.dmp_register_android_orient_cb)
                  00005ff8    00000014     inv_mpu_dmp_motion_driver.o (.text.dmp_register_tap_cb)
                  0000600c    00000014     libc.a : _printfi.c.obj (.text.strchr)
                  00006020    00000012            : memcpy16.S.obj (.text:TI_memcpy_small)
                  00006032    00000012            : copy_decompress_none.c.obj (.text:decompress:none)
                  00006044    00000010     ti_msp_dl_config.o (.text.DL_SYSCTL_disableHFXT)
                  00006054    00000010     interrupt.o (.text.SysTick_Handler)
                  00006064    00000010     oled_software_i2c.o (.text.delay_ms)
                  00006074    00000010     libc.a : wcslen.c.obj (.text.wcslen)
                  00006084    0000000e     libclang_rt.builtins.a : aeabi_memset.S.obj (.text.__aeabi_memset)
                  00006092    0000000e     libc.a : _printfi.c.obj (.text.strlen)
                  000060a0    0000000e     mpu6050.o (.text.tap_cb)
                  000060ae    0000000e     libc.a : memset16.S.obj (.text:TI_memset_small)
                  000060bc    0000000a     driverlib.a : dl_common.o (.text.DL_Common_delayCycles)
                  000060c6    0000000a     libc.a : _printfi.c.obj (.text.OUTLINED_FUNCTION_0)
                  000060d0    00000010     libclang_rt.builtins.a : adddf3.S.obj (.tramp.__aeabi_dsub.1)
                  000060e0    0000000a     libc.a : e_asin.c.obj (.text.OUTLINED_FUNCTION_0)
                  000060ea    00000002     --HOLE-- [fill = 0]
                  000060ec    00000010     libclang_rt.builtins.a : muldf3.S.obj (.tramp.__aeabi_dmul.1)
                  000060fc    0000000a     libc.a : s_atan.c.obj (.text.OUTLINED_FUNCTION_0)
                  00006106    0000000a            : _printfi.c.obj (.text.OUTLINED_FUNCTION_1)
                  00006110    0000000a            : e_asin.c.obj (.text.OUTLINED_FUNCTION_1)
                  0000611a    0000000a            : e_asin.c.obj (.text.OUTLINED_FUNCTION_3)
                  00006124    00000010     libclang_rt.builtins.a : divdf3.S.obj (.tramp.__aeabi_ddiv.1)
                  00006134    0000000a     libc.a : sprintf.c.obj (.text._outc)
                  0000613e    0000000a     mpu6050.o (.text.android_orient_cb)
                  00006148    00000008     libc.a : s_atan.c.obj (.text.OUTLINED_FUNCTION_2)
                  00006150    00000008            : aeabi_portable.c.obj (.text.__aeabi_errno_addr)
                  00006158    00000008     libclang_rt.builtins.a : aeabi_memcpy.S.obj (.text.__aeabi_memcpy)
                  00006160    00000006     libc.a : s_atan.c.obj (.text.OUTLINED_FUNCTION_1)
                  00006166    00000002     --HOLE-- [fill = 0]
                  00006168    00000010     libclang_rt.builtins.a : adddf3.S.obj (.tramp.__aeabi_dadd.1)
                  00006178    00000006     libc.a : e_asin.c.obj (.text.OUTLINED_FUNCTION_2)
                  0000617e    00000006            : exit.c.obj (.text:abort)
                  00006184    00000004     startup_mspm0g350x_ticlang.o (.text.Default_Handler)
                  00006188    00000004     libsysbm.a : hostexit.c.obj (.text.HOSTexit)
                  0000618c    00000004     libc.a : e_asin.c.obj (.text.OUTLINED_FUNCTION_4)
                  00006190    00000004     startup_mspm0g350x_ticlang.o (.text.Reset_Handler)
                  00006194    00000004     libc.a : pre_init.c.obj (.text._system_pre_init)
                  00006198    00000008     --HOLE-- [fill = 0]

.cinit     0    000077d0    00000040     
                  000077d0    00000019     (.cinit..data.load) [load image, compression = lzss]
                  000077e9    00000003     --HOLE-- [fill = 0]
                  000077ec    0000000c     (__TI_handler_table)
                  000077f8    00000008     (.cinit..bss.load) [load image, compression = zero_init]
                  00007800    00000010     (__TI_cinit_table)

.rodata    0    000061a0    00001630     
                  000061a0    00000bf6     inv_mpu_dmp_motion_driver.o (.rodata.dmp_memory)
                  00006d96    000005f0     oled_software_i2c.o (.rodata.asc2_1608)
                  00007386    00000228     oled_software_i2c.o (.rodata.asc2_0806)
                  000075ae    00000002     ti_msp_dl_config.o (.rodata.gI2C_MPU6050ClockConfig)
                  000075b0    00000101     libc.a : aeabi_ctype.S.obj (.rodata:__aeabi_ctype_table_)
                  000076b1    00000007     main.o (.rodata.str1.288608917962107522.1)
                  000076b8    00000040     libc.a : s_atan.c.obj (.rodata.cst32)
                  000076f8    00000028     ti_msp_dl_config.o (.rodata.gSYSPLLConfig)
                  00007720    00000028     inv_mpu.o (.rodata.test)
                  00007748    0000001e     inv_mpu.o (.rodata.reg)
                  00007766    00000011     libc.a : _printfi.c.obj (.rodata.str1.10348868589481759720.1)
                  00007777    00000011            : _printfi.c.obj (.rodata.str1.15363888844622738466.1)
                  00007788    0000000d     main.o (.rodata.str1.15159059442110792349.1)
                  00007795    00000001     --HOLE-- [fill = 0]
                  00007796    0000000c     inv_mpu.o (.rodata.hw)
                  000077a2    00000006     main.o (.rodata.str1.17100691992556644108.1)
                  000077a8    00000006     main.o (.rodata.str1.18227636981041470289.1)
                  000077ae    00000006     main.o (.rodata.str1.2846389346932560359.1)
                  000077b4    00000006     main.o (.rodata.str1.8154729771448623357.1)
                  000077ba    00000005     main.o (.rodata.str1.12180500075719773345.1)
                  000077bf    00000004     main.o (.rodata.str1.14112174005742061988.1)
                  000077c3    0000000d     --HOLE-- [fill = 0]

.init_array 
*          0    00000000    00000000     UNINITIALIZED

.binit     0    00000000    00000000     

.data      0    20200000    00000058     UNINITIALIZED
                  20200000    0000002c     inv_mpu.o (.data.st)
                  2020002c    00000010     inv_mpu_dmp_motion_driver.o (.data.dmp)
                  2020003c    0000000e     mpu6050.o (.data.hal)
                  2020004a    00000009     mpu6050.o (.data.gyro_orientation)
                  20200053    00000001     interrupt.o (.data.enable_group1_irq)
                  20200054    00000004     libc.a : aeabi_portable.c.obj (.data.__aeabi_errno)

.bss       0    20200058    00000057     UNINITIALIZED
                  20200058    00000020     (.common:oled_buffer)
                  20200078    00000010     (.common:quat)
                  20200088    00000006     (.common:accel)
                  2020008e    00000006     (.common:gyro)
                  20200094    00000004     (.common:pitch)
                  20200098    00000004     (.common:roll)
                  2020009c    00000004     (.common:sensor_timestamp)
                  202000a0    00000004     (.common:start_time)
                  202000a4    00000004     (.common:tick_ms)
                  202000a8    00000004     (.common:yaw)
                  202000ac    00000002     (.common:sensors)
                  202000ae    00000001     (.common:more)

.stack     0    20207e00    00000200     UNINITIALIZED
                  20207e00    00000004     libc.a : boot_cortex_m.c.obj (.stack)
                  20207e04    000001fc     --HOLE--

__llvm_prf_cnts 
*          0    20200000    00000000     UNINITIALIZED

__llvm_prf_bits 
*          0    20200000    00000000     UNINITIALIZED

MODULE SUMMARY

       Module                         code    ro data   rw data
       ------                         ----    -------   -------
    .\
       ti_msp_dl_config.o             1342    42        0      
       main.o                         444     53        32     
       startup_mspm0g350x_ticlang.o   8       192       0      
    +--+------------------------------+-------+---------+---------+
       Total:                         1794    287       32     
                                                               
    .\Drivers\MPU6050\
       inv_mpu_dmp_motion_driver.o    3110    3062      16     
       inv_mpu.o                      4600    82        44     
       mspm0_i2c.o                    1324    0         0      
       mpu6050.o                      1144    0         70     
    +--+------------------------------+-------+---------+---------+
       Total:                         10178   3144      130    
                                                               
    .\Drivers\MSPM0\
       clock.o                        328     0         8      
       interrupt.o                    138     0         1      
    +--+------------------------------+-------+---------+---------+
       Total:                         466     0         9      
                                                               
    .\Drivers\OLED_Software_I2C\
       oled_software_i2c.o            1222    2072      0      
    +--+------------------------------+-------+---------+---------+
       Total:                         1222    2072      0      
                                                               
    D:/MSP/sdk/install/mspm0_sdk_2_05_00_05/source/ti/driverlib/lib/ticlang/m0p/mspm0g1x0x_g3x0x/driverlib.a
       dl_sysctl_mspm0g1x0x_g3x0x.o   288     0         0      
       dl_i2c.o                       192     0         0      
       dl_common.o                    10      0         0      
    +--+------------------------------+-------+---------+---------+
       Total:                         490     0         0      
                                                               
    D:\ccs\install\ccs\tools\compiler\ti-cgt-armllvm_4.0.3.LTS\lib\armv6m-ti-none-eabi/c/libc.a
       _printfi.c.obj                 4510    34        0      
       e_asin.c.obj                   908     0         0      
       s_atan.c.obj                   784     64        0      
       e_atan2.c.obj                  392     0         0      
       e_sqrt.c.obj                   368     0         0      
       aeabi_ctype.S.obj              0       257       0      
       s_scalbn.c.obj                 216     0         0      
       copy_decompress_lzss.c.obj     124     0         0      
       s_frexp.c.obj                  92      0         0      
       sprintf.c.obj                  90      0         0      
       _ltoa.c.obj                    88      0         0      
       atoi.c.obj                     64      0         0      
       autoinit.c.obj                 60      0         0      
       boot_cortex_m.c.obj            40      0         0      
       memccpy.c.obj                  34      0         0      
       memcmp.c.obj                   32      0         0      
       copy_zero_init.c.obj           22      0         0      
       copy_decompress_none.c.obj     18      0         0      
       memcpy16.S.obj                 18      0         0      
       wcslen.c.obj                   16      0         0      
       memset16.S.obj                 14      0         0      
       aeabi_portable.c.obj           8       0         4      
       exit.c.obj                     6       0         0      
       pre_init.c.obj                 4       0         0      
    +--+------------------------------+-------+---------+---------+
       Total:                         7908    355       4      
                                                               
    D:\ccs\install\ccs\tools\compiler\ti-cgt-armllvm_4.0.3.LTS\lib\armv6m-ti-none-eabi/c/libsysbm.a
       hostexit.c.obj                 4       0         0      
    +--+------------------------------+-------+---------+---------+
       Total:                         4       0         0      
                                                               
    D:\ccs\install\ccs\tools\compiler\ti-cgt-armllvm_4.0.3.LTS\lib\armv6m-ti-none-eabi/libclang_rt.builtins.a
       adddf3.S.obj                   434     0         0      
       divdf3.S.obj                   284     0         0      
       muldf3.S.obj                   244     0         0      
       comparedf2.c.obj               220     0         0      
       addsf3.S.obj                   216     0         0      
       udivmoddi4.S.obj               162     0         0      
       mulsf3.S.obj                   140     0         0      
       divsf3.S.obj                   130     0         0      
       truncdfsf2.S.obj               116     0         0      
       aeabi_dcmp.S.obj               98      0         0      
       aeabi_idivmod.S.obj            86      0         0      
       fixdfsi.S.obj                  74      0         0      
       aeabi_uidivmod.S.obj           64      0         0      
       extendsfdf2.S.obj              64      0         0      
       floatsisf.S.obj                60      0         0      
       muldsi3.S.obj                  58      0         0      
       fixsfsi.S.obj                  56      0         0      
       floatsidf.S.obj                44      0         0      
       floatunsisf.S.obj              40      0         0      
       muldi3.S.obj                   36      0         0      
       ashldi3.S.obj                  30      0         0      
       aeabi_uldivmod.S.obj           20      0         0      
       aeabi_memset.S.obj             14      0         0      
       aeabi_memcpy.S.obj             8       0         0      
       aeabi_div0.c.obj               4       0         0      
    +--+------------------------------+-------+---------+---------+
       Total:                         2702    0         0      
                                                               
       Stack:                         0       0         512    
       Linker Generated:              0       61        0      
    +--+------------------------------+-------+---------+---------+
       Grand Total:                   24764   5919      687    


LINKER GENERATED COPY TABLES

__TI_cinit_table @ 00007800 records: 2, size/record: 8, table size: 16
	.data: load addr=000077d0, load size=00000019 bytes, run addr=20200000, run size=00000058 bytes, compression=lzss
	.bss: load addr=000077f8, load size=00000008 bytes, run addr=20200058, run size=00000057 bytes, compression=zero_init


LINKER GENERATED HANDLER TABLE

__TI_handler_table @ 000077ec records: 3, size/record: 4, table size: 12
	index: 0, handler: __TI_decompress_lzss
	index: 1, handler: __TI_decompress_none
	index: 2, handler: __TI_zero_init


FAR CALL TRAMPOLINES

callee name               trampoline name
   callee addr  tramp addr   call addr  call info
--------------  -----------  ---------  ----------------
__aeabi_dsub              $Tramp$TT$L$PI$$__aeabi_dsub
   00002341     000060d0     000060ce   libc.a : _printfi.c.obj (.text.OUTLINED_FUNCTION_0)
__aeabi_dmul              $Tramp$TT$L$PI$$__aeabi_dmul
   000037a9     000060ec     000060e8   libc.a : e_asin.c.obj (.text.OUTLINED_FUNCTION_0)
                             00006104          : s_atan.c.obj (.text.OUTLINED_FUNCTION_0)
                             00006118          : e_asin.c.obj (.text.OUTLINED_FUNCTION_1)
                             0000614e          : s_atan.c.obj (.text.OUTLINED_FUNCTION_2)
                             0000617c          : e_asin.c.obj (.text.OUTLINED_FUNCTION_2)
__aeabi_ddiv              $Tramp$TT$L$PI$$__aeabi_ddiv
   000032ad     00006124     00006122   libc.a : e_asin.c.obj (.text.OUTLINED_FUNCTION_3)
__aeabi_dadd              $Tramp$TT$L$PI$$__aeabi_dadd
   0000234b     00006168     00006164   libc.a : s_atan.c.obj (.text.OUTLINED_FUNCTION_1)
                             0000618e          : e_asin.c.obj (.text.OUTLINED_FUNCTION_4)

[4 trampolines]
[9 trampoline calls]


GLOBAL SYMBOLS: SORTED ALPHABETICALLY BY Name 

address   name                                 
-------   ----                                 
00006185  ADC0_IRQHandler                      
00006185  ADC1_IRQHandler                      
00006185  AES_IRQHandler                       
00006188  C$$EXIT                              
00006185  CANFD0_IRQHandler                    
00006185  DAC0_IRQHandler                      
000060bd  DL_Common_delayCycles                
00004d8d  DL_I2C_fillControllerTXFIFO          
00005539  DL_I2C_flushControllerTXFIFO         
00005ac7  DL_I2C_setClockConfig                
00003971  DL_SYSCTL_configSYSPLL               
000052b1  DL_SYSCTL_switchMCLKfromSYSOSCtoHSCLK
00006185  DMA_IRQHandler                       
00006185  Default_Handler                      
00006185  GROUP0_IRQHandler                    
00005f05  GROUP1_IRQHandler                    
00006189  HOSTexit                             
00006185  HardFault_Handler                    
00006185  I2C0_IRQHandler                      
00006185  I2C1_IRQHandler                      
00005665  I2C_Start                            
0000580d  I2C_Stop                             
0000583d  I2C_WaitAck                          
00005c91  Interrupt_Init                       
00002945  MPU6050_Init                         
00006185  NMI_Handler                          
00004a69  OLED_Clear                           
000035c1  OLED_Init                            
00005575  OLED_Set_Pos                         
00003195  OLED_ShowChar                        
000049f9  OLED_ShowString                      
000050f5  OLED_WR_Byte                         
00006185  PendSV_Handler                       
00006185  RTC_IRQHandler                       
0000159d  Read_Quad                            
00006191  Reset_Handler                        
00006185  SPI0_IRQHandler                      
00006185  SPI1_IRQHandler                      
00006185  SVC_Handler                          
00004299  SYSCFG_DL_GPIO_init                  
00004ea5  SYSCFG_DL_I2C_MPU6050_init           
00005191  SYSCFG_DL_SYSCTL_init                
00005fbd  SYSCFG_DL_init                       
000052f5  SYSCFG_DL_initPower                  
000047a5  Send_Byte                            
00006055  SysTick_Handler                      
00005ea9  SysTick_Init                         
00006185  TIMA0_IRQHandler                     
00006185  TIMA1_IRQHandler                     
00006185  TIMG0_IRQHandler                     
00006185  TIMG12_IRQHandler                    
00006185  TIMG6_IRQHandler                     
00006185  TIMG7_IRQHandler                     
00006185  TIMG8_IRQHandler                     
00006021  TI_memcpy_small                      
000060af  TI_memset_small                      
00006185  UART0_IRQHandler                     
00006185  UART1_IRQHandler                     
00006185  UART2_IRQHandler                     
00006185  UART3_IRQHandler                     
20208000  __STACK_END                          
00000200  __STACK_SIZE                         
00000000  __TI_ATRegion0_region_sz             
00000000  __TI_ATRegion0_src_addr              
00000000  __TI_ATRegion0_trg_addr              
00000000  __TI_ATRegion1_region_sz             
00000000  __TI_ATRegion1_src_addr              
00000000  __TI_ATRegion1_trg_addr              
00000000  __TI_ATRegion2_region_sz             
00000000  __TI_ATRegion2_src_addr              
00000000  __TI_ATRegion2_trg_addr              
00007800  __TI_CINIT_Base                      
00007810  __TI_CINIT_Limit                     
00007810  __TI_CINIT_Warm                      
000077ec  __TI_Handler_Table_Base              
000077f8  __TI_Handler_Table_Limit             
000055ed  __TI_auto_init_nobinit_nopinit       
00004821  __TI_decompress_lzss                 
00006033  __TI_decompress_none                 
00004efd  __TI_ltoa                            
ffffffff  __TI_pprof_out_hndl                  
000000c1  __TI_printfi                         
ffffffff  __TI_prof_data_size                  
ffffffff  __TI_prof_data_start                 
00000000  __TI_static_base__                   
00005f1b  __TI_zero_init_nomemset              
0000234b  __adddf3                             
00003b2f  __addsf3                             
000075b0  __aeabi_ctype_table_                 
000075b0  __aeabi_ctype_table_C                
00004911  __aeabi_d2f                          
00005145  __aeabi_d2iz                         
0000234b  __aeabi_dadd                         
00004c09  __aeabi_dcmpeq                       
00004c45  __aeabi_dcmpge                       
00004c59  __aeabi_dcmpgt                       
00004c31  __aeabi_dcmple                       
00004c1d  __aeabi_dcmplt                       
000032ad  __aeabi_ddiv                         
000037a9  __aeabi_dmul                         
00002341  __aeabi_dsub                         
20200054  __aeabi_errno                        
00006151  __aeabi_errno_addr                   
00005401  __aeabi_f2d                          
0000569d  __aeabi_f2iz                         
00003b2f  __aeabi_fadd                         
00004721  __aeabi_fdiv                         
00004501  __aeabi_fmul                         
00003b25  __aeabi_fsub                         
00005959  __aeabi_i2d                          
000055b1  __aeabi_i2f                          
00004fad  __aeabi_idiv                         
000024d3  __aeabi_idiv0                        
00004fad  __aeabi_idivmod                      
000036bb  __aeabi_ldiv0                        
00005b75  __aeabi_llsl                         
00005aed  __aeabi_lmul                         
00006159  __aeabi_memcpy                       
00006159  __aeabi_memcpy4                      
00006159  __aeabi_memcpy8                      
00006085  __aeabi_memset                       
00006085  __aeabi_memset4                      
00006085  __aeabi_memset8                      
00005a51  __aeabi_ui2f                         
000053c1  __aeabi_uidiv                        
000053c1  __aeabi_uidivmod                     
00005fd1  __aeabi_uldivmod                     
00005b75  __ashldi3                            
ffffffff  __binit__                            
00004ad5  __cmpdf2                             
000032ad  __divdf3                             
00004721  __divsf3                             
00004ad5  __eqdf2                              
00005401  __extendsfdf2                        
00005145  __fixdfsi                            
0000569d  __fixsfsi                            
00005959  __floatsidf                          
000055b1  __floatsisf                          
00005a51  __floatunsisf                        
0000489d  __gedf2                              
0000489d  __gtdf2                              
00004ad5  __ledf2                              
00004ad5  __ltdf2                              
UNDEFED   __mpu_init                           
000037a9  __muldf3                             
00005aed  __muldi3                             
00005629  __muldsi3                            
00004501  __mulsf3                             
00004ad5  __nedf2                              
20207e00  __stack                              
20200000  __start___llvm_prf_bits              
20200000  __start___llvm_prf_cnts              
20200000  __stop___llvm_prf_bits               
20200000  __stop___llvm_prf_cnts               
00002341  __subdf3                             
00003b25  __subsf3                             
00004911  __truncdfsf2                         
000041f5  __udivmoddi4                         
00005a79  _c_int00_noargs                      
UNDEFED   _system_post_cinit                   
00006195  _system_pre_init                     
0000617f  abort                                
20200088  accel                                
00007386  asc2_0806                            
00006d96  asc2_1608                            
00000a91  asin                                 
00000a91  asinl                                
00000df5  atan                                 
000024d5  atan2                                
000024d5  atan2l                               
00000df5  atanl                                
00005441  atoi                                 
ffffffff  binit                                
00006065  delay_ms                             
000051d9  dmp_enable_6x_lp_quat                
000010ed  dmp_enable_feature                   
00004c6d  dmp_enable_gyro_cal                  
00005221  dmp_enable_lp_quat                   
00005cad  dmp_load_motion_driver_firmware      
00001c15  dmp_read_fifo                        
00005fe5  dmp_register_android_orient_cb       
00005ff9  dmp_register_tap_cb                  
000043d1  dmp_set_fifo_rate                    
0000265d  dmp_set_orientation                  
00005339  dmp_set_shake_reject_thresh          
000057a9  dmp_set_shake_reject_time            
000057db  dmp_set_shake_reject_timeout         
00004ba3  dmp_set_tap_axes                     
0000537d  dmp_set_tap_count                    
00001365  dmp_set_tap_thresh                   
0000589d  dmp_set_tap_time                     
000058cd  dmp_set_tap_time_multi               
20200053  enable_group1_irq                    
00004ded  frexp                                
00004ded  frexpl                               
2020008e  gyro                                 
00007796  hw                                   
00000000  interruptVectors                     
00003a4d  ldexp                                
00003a4d  ldexpl                               
00001fe5  main                                 
00005b11  memccpy                              
00005b55  memcmp                               
202000ae  more                                 
00004ccd  mpu6050_i2c_sda_unlock               
00003f29  mpu_configure_fifo                   
00004985  mpu_get_accel_fsr                    
00004d2d  mpu_get_gyro_fsr                     
00005775  mpu_get_sample_rate                  
00002e29  mpu_init                             
00002f51  mpu_load_firmware                    
000034c1  mpu_lp_accel_mode                    
000033b9  mpu_read_fifo_stream                 
0000409d  mpu_read_mem                         
000017c9  mpu_reset_fifo                       
0000388d  mpu_set_accel_fsr                    
000021a1  mpu_set_bypass                       
00003fe5  mpu_set_dmp_state                    
00003da1  mpu_set_gyro_fsr                     
00004335  mpu_set_int_latched                  
00003cd1  mpu_set_lpf                          
000036bd  mpu_set_sample_rate                  
00002cf9  mpu_set_sensors                      
00004149  mpu_write_mem                        
000058fd  mspm0_delay_ms                       
00005985  mspm0_get_clock_ms                   
00002bc5  mspm0_i2c_read                       
00003e65  mspm0_i2c_write                      
20200058  oled_buffer                          
20200094  pitch                                
20200078  quat                                 
00007748  reg                                  
20200098  roll                                 
00003a4d  scalbn                               
00003a4d  scalbnl                              
2020009c  sensor_timestamp                     
202000ac  sensors                              
000056d5  sprintf                              
000027d5  sqrt                                 
000027d5  sqrtl                                
202000a0  start_time                           
00007720  test                                 
202000a4  tick_ms                              
00006075  wcslen                               
202000a8  yaw                                  


GLOBAL SYMBOLS: SORTED BY Symbol Address 

address   name                                 
-------   ----                                 
00000000  __TI_ATRegion0_region_sz             
00000000  __TI_ATRegion0_src_addr              
00000000  __TI_ATRegion0_trg_addr              
00000000  __TI_ATRegion1_region_sz             
00000000  __TI_ATRegion1_src_addr              
00000000  __TI_ATRegion1_trg_addr              
00000000  __TI_ATRegion2_region_sz             
00000000  __TI_ATRegion2_src_addr              
00000000  __TI_ATRegion2_trg_addr              
00000000  __TI_static_base__                   
00000000  interruptVectors                     
000000c1  __TI_printfi                         
00000200  __STACK_SIZE                         
00000a91  asin                                 
00000a91  asinl                                
00000df5  atan                                 
00000df5  atanl                                
000010ed  dmp_enable_feature                   
00001365  dmp_set_tap_thresh                   
0000159d  Read_Quad                            
000017c9  mpu_reset_fifo                       
00001c15  dmp_read_fifo                        
00001fe5  main                                 
000021a1  mpu_set_bypass                       
00002341  __aeabi_dsub                         
00002341  __subdf3                             
0000234b  __adddf3                             
0000234b  __aeabi_dadd                         
000024d3  __aeabi_idiv0                        
000024d5  atan2                                
000024d5  atan2l                               
0000265d  dmp_set_orientation                  
000027d5  sqrt                                 
000027d5  sqrtl                                
00002945  MPU6050_Init                         
00002bc5  mspm0_i2c_read                       
00002cf9  mpu_set_sensors                      
00002e29  mpu_init                             
00002f51  mpu_load_firmware                    
00003195  OLED_ShowChar                        
000032ad  __aeabi_ddiv                         
000032ad  __divdf3                             
000033b9  mpu_read_fifo_stream                 
000034c1  mpu_lp_accel_mode                    
000035c1  OLED_Init                            
000036bb  __aeabi_ldiv0                        
000036bd  mpu_set_sample_rate                  
000037a9  __aeabi_dmul                         
000037a9  __muldf3                             
0000388d  mpu_set_accel_fsr                    
00003971  DL_SYSCTL_configSYSPLL               
00003a4d  ldexp                                
00003a4d  ldexpl                               
00003a4d  scalbn                               
00003a4d  scalbnl                              
00003b25  __aeabi_fsub                         
00003b25  __subsf3                             
00003b2f  __addsf3                             
00003b2f  __aeabi_fadd                         
00003cd1  mpu_set_lpf                          
00003da1  mpu_set_gyro_fsr                     
00003e65  mspm0_i2c_write                      
00003f29  mpu_configure_fifo                   
00003fe5  mpu_set_dmp_state                    
0000409d  mpu_read_mem                         
00004149  mpu_write_mem                        
000041f5  __udivmoddi4                         
00004299  SYSCFG_DL_GPIO_init                  
00004335  mpu_set_int_latched                  
000043d1  dmp_set_fifo_rate                    
00004501  __aeabi_fmul                         
00004501  __mulsf3                             
00004721  __aeabi_fdiv                         
00004721  __divsf3                             
000047a5  Send_Byte                            
00004821  __TI_decompress_lzss                 
0000489d  __gedf2                              
0000489d  __gtdf2                              
00004911  __aeabi_d2f                          
00004911  __truncdfsf2                         
00004985  mpu_get_accel_fsr                    
000049f9  OLED_ShowString                      
00004a69  OLED_Clear                           
00004ad5  __cmpdf2                             
00004ad5  __eqdf2                              
00004ad5  __ledf2                              
00004ad5  __ltdf2                              
00004ad5  __nedf2                              
00004ba3  dmp_set_tap_axes                     
00004c09  __aeabi_dcmpeq                       
00004c1d  __aeabi_dcmplt                       
00004c31  __aeabi_dcmple                       
00004c45  __aeabi_dcmpge                       
00004c59  __aeabi_dcmpgt                       
00004c6d  dmp_enable_gyro_cal                  
00004ccd  mpu6050_i2c_sda_unlock               
00004d2d  mpu_get_gyro_fsr                     
00004d8d  DL_I2C_fillControllerTXFIFO          
00004ded  frexp                                
00004ded  frexpl                               
00004ea5  SYSCFG_DL_I2C_MPU6050_init           
00004efd  __TI_ltoa                            
00004fad  __aeabi_idiv                         
00004fad  __aeabi_idivmod                      
000050f5  OLED_WR_Byte                         
00005145  __aeabi_d2iz                         
00005145  __fixdfsi                            
00005191  SYSCFG_DL_SYSCTL_init                
000051d9  dmp_enable_6x_lp_quat                
00005221  dmp_enable_lp_quat                   
000052b1  DL_SYSCTL_switchMCLKfromSYSOSCtoHSCLK
000052f5  SYSCFG_DL_initPower                  
00005339  dmp_set_shake_reject_thresh          
0000537d  dmp_set_tap_count                    
000053c1  __aeabi_uidiv                        
000053c1  __aeabi_uidivmod                     
00005401  __aeabi_f2d                          
00005401  __extendsfdf2                        
00005441  atoi                                 
00005539  DL_I2C_flushControllerTXFIFO         
00005575  OLED_Set_Pos                         
000055b1  __aeabi_i2f                          
000055b1  __floatsisf                          
000055ed  __TI_auto_init_nobinit_nopinit       
00005629  __muldsi3                            
00005665  I2C_Start                            
0000569d  __aeabi_f2iz                         
0000569d  __fixsfsi                            
000056d5  sprintf                              
00005775  mpu_get_sample_rate                  
000057a9  dmp_set_shake_reject_time            
000057db  dmp_set_shake_reject_timeout         
0000580d  I2C_Stop                             
0000583d  I2C_WaitAck                          
0000589d  dmp_set_tap_time                     
000058cd  dmp_set_tap_time_multi               
000058fd  mspm0_delay_ms                       
00005959  __aeabi_i2d                          
00005959  __floatsidf                          
00005985  mspm0_get_clock_ms                   
00005a51  __aeabi_ui2f                         
00005a51  __floatunsisf                        
00005a79  _c_int00_noargs                      
00005ac7  DL_I2C_setClockConfig                
00005aed  __aeabi_lmul                         
00005aed  __muldi3                             
00005b11  memccpy                              
00005b55  memcmp                               
00005b75  __aeabi_llsl                         
00005b75  __ashldi3                            
00005c91  Interrupt_Init                       
00005cad  dmp_load_motion_driver_firmware      
00005ea9  SysTick_Init                         
00005f05  GROUP1_IRQHandler                    
00005f1b  __TI_zero_init_nomemset              
00005fbd  SYSCFG_DL_init                       
00005fd1  __aeabi_uldivmod                     
00005fe5  dmp_register_android_orient_cb       
00005ff9  dmp_register_tap_cb                  
00006021  TI_memcpy_small                      
00006033  __TI_decompress_none                 
00006055  SysTick_Handler                      
00006065  delay_ms                             
00006075  wcslen                               
00006085  __aeabi_memset                       
00006085  __aeabi_memset4                      
00006085  __aeabi_memset8                      
000060af  TI_memset_small                      
000060bd  DL_Common_delayCycles                
00006151  __aeabi_errno_addr                   
00006159  __aeabi_memcpy                       
00006159  __aeabi_memcpy4                      
00006159  __aeabi_memcpy8                      
0000617f  abort                                
00006185  ADC0_IRQHandler                      
00006185  ADC1_IRQHandler                      
00006185  AES_IRQHandler                       
00006185  CANFD0_IRQHandler                    
00006185  DAC0_IRQHandler                      
00006185  DMA_IRQHandler                       
00006185  Default_Handler                      
00006185  GROUP0_IRQHandler                    
00006185  HardFault_Handler                    
00006185  I2C0_IRQHandler                      
00006185  I2C1_IRQHandler                      
00006185  NMI_Handler                          
00006185  PendSV_Handler                       
00006185  RTC_IRQHandler                       
00006185  SPI0_IRQHandler                      
00006185  SPI1_IRQHandler                      
00006185  SVC_Handler                          
00006185  TIMA0_IRQHandler                     
00006185  TIMA1_IRQHandler                     
00006185  TIMG0_IRQHandler                     
00006185  TIMG12_IRQHandler                    
00006185  TIMG6_IRQHandler                     
00006185  TIMG7_IRQHandler                     
00006185  TIMG8_IRQHandler                     
00006185  UART0_IRQHandler                     
00006185  UART1_IRQHandler                     
00006185  UART2_IRQHandler                     
00006185  UART3_IRQHandler                     
00006188  C$$EXIT                              
00006189  HOSTexit                             
00006191  Reset_Handler                        
00006195  _system_pre_init                     
00006d96  asc2_1608                            
00007386  asc2_0806                            
000075b0  __aeabi_ctype_table_                 
000075b0  __aeabi_ctype_table_C                
00007720  test                                 
00007748  reg                                  
00007796  hw                                   
000077ec  __TI_Handler_Table_Base              
000077f8  __TI_Handler_Table_Limit             
00007800  __TI_CINIT_Base                      
00007810  __TI_CINIT_Limit                     
00007810  __TI_CINIT_Warm                      
20200000  __start___llvm_prf_bits              
20200000  __start___llvm_prf_cnts              
20200000  __stop___llvm_prf_bits               
20200000  __stop___llvm_prf_cnts               
20200053  enable_group1_irq                    
20200054  __aeabi_errno                        
20200058  oled_buffer                          
20200078  quat                                 
20200088  accel                                
2020008e  gyro                                 
20200094  pitch                                
20200098  roll                                 
2020009c  sensor_timestamp                     
202000a0  start_time                           
202000a4  tick_ms                              
202000a8  yaw                                  
202000ac  sensors                              
202000ae  more                                 
20207e00  __stack                              
20208000  __STACK_END                          
ffffffff  __TI_pprof_out_hndl                  
ffffffff  __TI_prof_data_size                  
ffffffff  __TI_prof_data_start                 
ffffffff  __binit__                            
ffffffff  binit                                
UNDEFED   __mpu_init                           
UNDEFED   _system_post_cinit                   

[245 symbols]
