<?xml version="1.0" encoding="ISO-8859-1" ?>
<link_info>
   <banner>TI ARM Clang Linker PC v4.0.3.LTS</banner>
   <copyright>Copyright (c) 1996-2018 Texas Instruments Incorporated</copyright>
   <command_line>D:\ccs\install\ccs\tools\compiler\ti-cgt-armllvm_4.0.3.LTS\bin\tiarmlnk -ID:\ccs\install\ccs\tools\compiler\ti-cgt-armllvm_4.0.3.LTS\lib -o mspm0-modules.out -mmspm0-modules.map -iD:/MSP/sdk/install/mspm0_sdk_2_05_00_05/source -iC:/Users/isidore/Desktop/OLED/mspm0-modules -iC:/Users/isidore/Desktop/OLED/mspm0-modules/Debug/syscfg -iD:/ccs/install/ccs/tools/compiler/ti-cgt-armllvm_4.0.3.LTS/lib --diag_wrap=off --display_error_number --warn_sections --xml_link_info=mspm0-modules_linkInfo.xml --rom_model ./Encoder.o ./Motor.o ./main.o ./ti_msp_dl_config.o ./startup_mspm0g350x_ticlang.o ./Drivers/MPU6050/inv_mpu.o ./Drivers/MPU6050/inv_mpu_dmp_motion_driver.o ./Drivers/MPU6050/mpu6050.o ./Drivers/MPU6050/mspm0_i2c.o ./Drivers/MSPM0/clock.o ./Drivers/MSPM0/interrupt.o ./Drivers/OLED_Software_I2C/oled_software_i2c.o -l./device_linker.cmd -ldevice.cmd.genlibs -llibc.a -lD:/MSP/sdk/install/mspm0_sdk_2_05_00_05/source/ti/driverlib/lib/ticlang/m0p/mspm0g1x0x_g3x0x/driverlib.a --start-group -llibc++.a -llibc++abi.a -llibc.a -llibsys.a -llibsysbm.a -llibclang_rt.builtins.a -llibclang_rt.profile.a --end-group --cg_opt_level=0</command_line>
   <link_time>0x687cbc59</link_time>
   <link_errors>0x0</link_errors>
   <output_file>C:\Users\isidore\Desktop\OLED\mspm0-modules\Debug\mspm0-modules.out</output_file>
   <entry_point>
      <name>_c_int00_noargs</name>
      <address>0x33ad</address>
   </entry_point>
   <input_file_list>
      <input_file id="fl-1">
         <path>C:\Users\isidore\Desktop\OLED\mspm0-modules\Debug\.\</path>
         <kind>object</kind>
         <file>Encoder.o</file>
         <name>Encoder.o</name>
      </input_file>
      <input_file id="fl-2">
         <path>C:\Users\isidore\Desktop\OLED\mspm0-modules\Debug\.\</path>
         <kind>object</kind>
         <file>Motor.o</file>
         <name>Motor.o</name>
      </input_file>
      <input_file id="fl-3">
         <path>C:\Users\isidore\Desktop\OLED\mspm0-modules\Debug\.\</path>
         <kind>object</kind>
         <file>main.o</file>
         <name>main.o</name>
      </input_file>
      <input_file id="fl-4">
         <path>C:\Users\isidore\Desktop\OLED\mspm0-modules\Debug\.\</path>
         <kind>object</kind>
         <file>ti_msp_dl_config.o</file>
         <name>ti_msp_dl_config.o</name>
      </input_file>
      <input_file id="fl-5">
         <path>C:\Users\isidore\Desktop\OLED\mspm0-modules\Debug\.\</path>
         <kind>object</kind>
         <file>startup_mspm0g350x_ticlang.o</file>
         <name>startup_mspm0g350x_ticlang.o</name>
      </input_file>
      <input_file id="fl-6">
         <path>C:\Users\isidore\Desktop\OLED\mspm0-modules\Debug\.\Drivers\MPU6050\</path>
         <kind>object</kind>
         <file>inv_mpu.o</file>
         <name>inv_mpu.o</name>
      </input_file>
      <input_file id="fl-7">
         <path>C:\Users\isidore\Desktop\OLED\mspm0-modules\Debug\.\Drivers\MPU6050\</path>
         <kind>object</kind>
         <file>inv_mpu_dmp_motion_driver.o</file>
         <name>inv_mpu_dmp_motion_driver.o</name>
      </input_file>
      <input_file id="fl-8">
         <path>C:\Users\isidore\Desktop\OLED\mspm0-modules\Debug\.\Drivers\MPU6050\</path>
         <kind>object</kind>
         <file>mpu6050.o</file>
         <name>mpu6050.o</name>
      </input_file>
      <input_file id="fl-9">
         <path>C:\Users\isidore\Desktop\OLED\mspm0-modules\Debug\.\Drivers\MPU6050\</path>
         <kind>object</kind>
         <file>mspm0_i2c.o</file>
         <name>mspm0_i2c.o</name>
      </input_file>
      <input_file id="fl-a">
         <path>C:\Users\isidore\Desktop\OLED\mspm0-modules\Debug\.\Drivers\MSPM0\</path>
         <kind>object</kind>
         <file>clock.o</file>
         <name>clock.o</name>
      </input_file>
      <input_file id="fl-b">
         <path>C:\Users\isidore\Desktop\OLED\mspm0-modules\Debug\.\Drivers\MSPM0\</path>
         <kind>object</kind>
         <file>interrupt.o</file>
         <name>interrupt.o</name>
      </input_file>
      <input_file id="fl-c">
         <path>C:\Users\isidore\Desktop\OLED\mspm0-modules\Debug\.\Drivers\OLED_Software_I2C\</path>
         <kind>object</kind>
         <file>oled_software_i2c.o</file>
         <name>oled_software_i2c.o</name>
      </input_file>
      <input_file id="fl-1a">
         <path>C:\Users\isidore\Desktop\OLED\mspm0-modules\Debug\</path>
         <kind>object</kind>
         <file>&lt;internal&gt;</file>
         <name>&lt;internal&gt;</name>
      </input_file>
      <input_file id="fl-1b">
         <path>D:\MSP\sdk\install\mspm0_sdk_2_05_00_05\source\ti\driverlib\lib\ticlang\m0p\mspm0g1x0x_g3x0x\</path>
         <kind>archive</kind>
         <file>driverlib.a</file>
         <name>dl_common.o</name>
      </input_file>
      <input_file id="fl-1c">
         <path>D:\MSP\sdk\install\mspm0_sdk_2_05_00_05\source\ti\driverlib\lib\ticlang\m0p\mspm0g1x0x_g3x0x\</path>
         <kind>archive</kind>
         <file>driverlib.a</file>
         <name>dl_i2c.o</name>
      </input_file>
      <input_file id="fl-1d">
         <path>D:\MSP\sdk\install\mspm0_sdk_2_05_00_05\source\ti\driverlib\lib\ticlang\m0p\mspm0g1x0x_g3x0x\</path>
         <kind>archive</kind>
         <file>driverlib.a</file>
         <name>dl_timer.o</name>
      </input_file>
      <input_file id="fl-1e">
         <path>D:\MSP\sdk\install\mspm0_sdk_2_05_00_05\source\ti\driverlib\lib\ticlang\m0p\mspm0g1x0x_g3x0x\</path>
         <kind>archive</kind>
         <file>driverlib.a</file>
         <name>dl_sysctl_mspm0g1x0x_g3x0x.o</name>
      </input_file>
      <input_file id="fl-35">
         <path>D:\ccs\install\ccs\tools\compiler\ti-cgt-armllvm_4.0.3.LTS\lib\armv6m-ti-none-eabi\c\</path>
         <kind>archive</kind>
         <file>libc.a</file>
         <name>sprintf.c.obj</name>
      </input_file>
      <input_file id="fl-36">
         <path>D:\ccs\install\ccs\tools\compiler\ti-cgt-armllvm_4.0.3.LTS\lib\armv6m-ti-none-eabi\c\</path>
         <kind>archive</kind>
         <file>libc.a</file>
         <name>e_asin.c.obj</name>
      </input_file>
      <input_file id="fl-37">
         <path>D:\ccs\install\ccs\tools\compiler\ti-cgt-armllvm_4.0.3.LTS\lib\armv6m-ti-none-eabi\c\</path>
         <kind>archive</kind>
         <file>libc.a</file>
         <name>e_atan2.c.obj</name>
      </input_file>
      <input_file id="fl-38">
         <path>D:\ccs\install\ccs\tools\compiler\ti-cgt-armllvm_4.0.3.LTS\lib\armv6m-ti-none-eabi\c\</path>
         <kind>archive</kind>
         <file>libc.a</file>
         <name>e_sqrt.c.obj</name>
      </input_file>
      <input_file id="fl-39">
         <path>D:\ccs\install\ccs\tools\compiler\ti-cgt-armllvm_4.0.3.LTS\lib\armv6m-ti-none-eabi\c\</path>
         <kind>archive</kind>
         <file>libc.a</file>
         <name>s_atan.c.obj</name>
      </input_file>
      <input_file id="fl-3a">
         <path>D:\ccs\install\ccs\tools\compiler\ti-cgt-armllvm_4.0.3.LTS\lib\armv6m-ti-none-eabi\c\</path>
         <kind>archive</kind>
         <file>libc.a</file>
         <name>aeabi_portable.c.obj</name>
      </input_file>
      <input_file id="fl-3b">
         <path>D:\ccs\install\ccs\tools\compiler\ti-cgt-armllvm_4.0.3.LTS\lib\armv6m-ti-none-eabi\c\</path>
         <kind>archive</kind>
         <file>libc.a</file>
         <name>assert.c.obj</name>
      </input_file>
      <input_file id="fl-3c">
         <path>D:\ccs\install\ccs\tools\compiler\ti-cgt-armllvm_4.0.3.LTS\lib\armv6m-ti-none-eabi\c\</path>
         <kind>archive</kind>
         <file>libc.a</file>
         <name>defs.c.obj</name>
      </input_file>
      <input_file id="fl-3d">
         <path>D:\ccs\install\ccs\tools\compiler\ti-cgt-armllvm_4.0.3.LTS\lib\armv6m-ti-none-eabi\c\</path>
         <kind>archive</kind>
         <file>libc.a</file>
         <name>memcmp.c.obj</name>
      </input_file>
      <input_file id="fl-3e">
         <path>D:\ccs\install\ccs\tools\compiler\ti-cgt-armllvm_4.0.3.LTS\lib\armv6m-ti-none-eabi\c\</path>
         <kind>archive</kind>
         <file>libc.a</file>
         <name>memory.c.obj</name>
      </input_file>
      <input_file id="fl-3f">
         <path>D:\ccs\install\ccs\tools\compiler\ti-cgt-armllvm_4.0.3.LTS\lib\armv6m-ti-none-eabi\c\</path>
         <kind>archive</kind>
         <file>libc.a</file>
         <name>boot_cortex_m.c.obj</name>
      </input_file>
      <input_file id="fl-40">
         <path>D:\ccs\install\ccs\tools\compiler\ti-cgt-armllvm_4.0.3.LTS\lib\armv6m-ti-none-eabi\c\</path>
         <kind>archive</kind>
         <file>libc.a</file>
         <name>mathacl_init.c.obj</name>
      </input_file>
      <input_file id="fl-41">
         <path>D:\ccs\install\ccs\tools\compiler\ti-cgt-armllvm_4.0.3.LTS\lib\armv6m-ti-none-eabi\c\</path>
         <kind>archive</kind>
         <file>libc.a</file>
         <name>autoinit.c.obj</name>
      </input_file>
      <input_file id="fl-42">
         <path>D:\ccs\install\ccs\tools\compiler\ti-cgt-armllvm_4.0.3.LTS\lib\armv6m-ti-none-eabi\c\</path>
         <kind>archive</kind>
         <file>libc.a</file>
         <name>pre_init.c.obj</name>
      </input_file>
      <input_file id="fl-43">
         <path>D:\ccs\install\ccs\tools\compiler\ti-cgt-armllvm_4.0.3.LTS\lib\armv6m-ti-none-eabi\c\</path>
         <kind>archive</kind>
         <file>libc.a</file>
         <name>cpy_tbl.c.obj</name>
      </input_file>
      <input_file id="fl-44">
         <path>D:\ccs\install\ccs\tools\compiler\ti-cgt-armllvm_4.0.3.LTS\lib\armv6m-ti-none-eabi\c\</path>
         <kind>archive</kind>
         <file>libc.a</file>
         <name>copy_zero_init.c.obj</name>
      </input_file>
      <input_file id="fl-45">
         <path>D:\ccs\install\ccs\tools\compiler\ti-cgt-armllvm_4.0.3.LTS\lib\armv6m-ti-none-eabi\c\</path>
         <kind>archive</kind>
         <file>libc.a</file>
         <name>copy_decompress_none.c.obj</name>
      </input_file>
      <input_file id="fl-46">
         <path>D:\ccs\install\ccs\tools\compiler\ti-cgt-armllvm_4.0.3.LTS\lib\armv6m-ti-none-eabi\c\</path>
         <kind>archive</kind>
         <file>libc.a</file>
         <name>copy_decompress_lzss.c.obj</name>
      </input_file>
      <input_file id="fl-47">
         <path>D:\ccs\install\ccs\tools\compiler\ti-cgt-armllvm_4.0.3.LTS\lib\armv6m-ti-none-eabi\c\</path>
         <kind>archive</kind>
         <file>libc.a</file>
         <name>_printfi.c.obj</name>
      </input_file>
      <input_file id="fl-48">
         <path>D:\ccs\install\ccs\tools\compiler\ti-cgt-armllvm_4.0.3.LTS\lib\armv6m-ti-none-eabi\c\</path>
         <kind>archive</kind>
         <file>libc.a</file>
         <name>fflush.c.obj</name>
      </input_file>
      <input_file id="fl-49">
         <path>D:\ccs\install\ccs\tools\compiler\ti-cgt-armllvm_4.0.3.LTS\lib\armv6m-ti-none-eabi\c\</path>
         <kind>archive</kind>
         <file>libc.a</file>
         <name>fputs.c.obj</name>
      </input_file>
      <input_file id="fl-4a">
         <path>D:\ccs\install\ccs\tools\compiler\ti-cgt-armllvm_4.0.3.LTS\lib\armv6m-ti-none-eabi\c\</path>
         <kind>archive</kind>
         <file>libc.a</file>
         <name>_io_perm.c.obj</name>
      </input_file>
      <input_file id="fl-4b">
         <path>D:\ccs\install\ccs\tools\compiler\ti-cgt-armllvm_4.0.3.LTS\lib\armv6m-ti-none-eabi\c\</path>
         <kind>archive</kind>
         <file>libc.a</file>
         <name>setvbuf.c.obj</name>
      </input_file>
      <input_file id="fl-4c">
         <path>D:\ccs\install\ccs\tools\compiler\ti-cgt-armllvm_4.0.3.LTS\lib\armv6m-ti-none-eabi\c\</path>
         <kind>archive</kind>
         <file>libc.a</file>
         <name>s_frexp.c.obj</name>
      </input_file>
      <input_file id="fl-4d">
         <path>D:\ccs\install\ccs\tools\compiler\ti-cgt-armllvm_4.0.3.LTS\lib\armv6m-ti-none-eabi\c\</path>
         <kind>archive</kind>
         <file>libc.a</file>
         <name>s_scalbn.c.obj</name>
      </input_file>
      <input_file id="fl-4e">
         <path>D:\ccs\install\ccs\tools\compiler\ti-cgt-armllvm_4.0.3.LTS\lib\armv6m-ti-none-eabi\c\</path>
         <kind>archive</kind>
         <file>libc.a</file>
         <name>wcslen.c.obj</name>
      </input_file>
      <input_file id="fl-4f">
         <path>D:\ccs\install\ccs\tools\compiler\ti-cgt-armllvm_4.0.3.LTS\lib\armv6m-ti-none-eabi\c\</path>
         <kind>archive</kind>
         <file>libc.a</file>
         <name>exit.c.obj</name>
      </input_file>
      <input_file id="fl-50">
         <path>D:\ccs\install\ccs\tools\compiler\ti-cgt-armllvm_4.0.3.LTS\lib\armv6m-ti-none-eabi\c\</path>
         <kind>archive</kind>
         <file>libc.a</file>
         <name>_lock.c.obj</name>
      </input_file>
      <input_file id="fl-51">
         <path>D:\ccs\install\ccs\tools\compiler\ti-cgt-armllvm_4.0.3.LTS\lib\armv6m-ti-none-eabi\c\</path>
         <kind>archive</kind>
         <file>libc.a</file>
         <name>_ltoa.c.obj</name>
      </input_file>
      <input_file id="fl-52">
         <path>D:\ccs\install\ccs\tools\compiler\ti-cgt-armllvm_4.0.3.LTS\lib\armv6m-ti-none-eabi\c\</path>
         <kind>archive</kind>
         <file>libc.a</file>
         <name>args_main.c.obj</name>
      </input_file>
      <input_file id="fl-53">
         <path>D:\ccs\install\ccs\tools\compiler\ti-cgt-armllvm_4.0.3.LTS\lib\armv6m-ti-none-eabi\c\</path>
         <kind>archive</kind>
         <file>libc.a</file>
         <name>atoi.c.obj</name>
      </input_file>
      <input_file id="fl-54">
         <path>D:\ccs\install\ccs\tools\compiler\ti-cgt-armllvm_4.0.3.LTS\lib\armv6m-ti-none-eabi\c\</path>
         <kind>archive</kind>
         <file>libc.a</file>
         <name>memccpy.c.obj</name>
      </input_file>
      <input_file id="fl-55">
         <path>D:\ccs\install\ccs\tools\compiler\ti-cgt-armllvm_4.0.3.LTS\lib\armv6m-ti-none-eabi\c\</path>
         <kind>archive</kind>
         <file>libc.a</file>
         <name>fopen.c.obj</name>
      </input_file>
      <input_file id="fl-56">
         <path>D:\ccs\install\ccs\tools\compiler\ti-cgt-armllvm_4.0.3.LTS\lib\armv6m-ti-none-eabi\c\</path>
         <kind>archive</kind>
         <file>libc.a</file>
         <name>fseek.c.obj</name>
      </input_file>
      <input_file id="fl-57">
         <path>D:\ccs\install\ccs\tools\compiler\ti-cgt-armllvm_4.0.3.LTS\lib\armv6m-ti-none-eabi\c\</path>
         <kind>archive</kind>
         <file>libc.a</file>
         <name>aeabi_ctype.S.obj</name>
      </input_file>
      <input_file id="fl-58">
         <path>D:\ccs\install\ccs\tools\compiler\ti-cgt-armllvm_4.0.3.LTS\lib\armv6m-ti-none-eabi\c\</path>
         <kind>archive</kind>
         <file>libc.a</file>
         <name>fclose.c.obj</name>
      </input_file>
      <input_file id="fl-f8">
         <path>D:\ccs\install\ccs\tools\compiler\ti-cgt-armllvm_4.0.3.LTS\lib\armv6m-ti-none-eabi\c\</path>
         <kind>archive</kind>
         <file>libsysbm.a</file>
         <name>hostexit.c.obj</name>
      </input_file>
      <input_file id="fl-f9">
         <path>D:\ccs\install\ccs\tools\compiler\ti-cgt-armllvm_4.0.3.LTS\lib\armv6m-ti-none-eabi\c\</path>
         <kind>archive</kind>
         <file>libsysbm.a</file>
         <name>write.c.obj</name>
      </input_file>
      <input_file id="fl-fa">
         <path>D:\ccs\install\ccs\tools\compiler\ti-cgt-armllvm_4.0.3.LTS\lib\armv6m-ti-none-eabi\c\</path>
         <kind>archive</kind>
         <file>libsysbm.a</file>
         <name>host_device.c.obj</name>
      </input_file>
      <input_file id="fl-fb">
         <path>D:\ccs\install\ccs\tools\compiler\ti-cgt-armllvm_4.0.3.LTS\lib\armv6m-ti-none-eabi\c\</path>
         <kind>archive</kind>
         <file>libsysbm.a</file>
         <name>remove.c.obj</name>
      </input_file>
      <input_file id="fl-fc">
         <path>D:\ccs\install\ccs\tools\compiler\ti-cgt-armllvm_4.0.3.LTS\lib\armv6m-ti-none-eabi\c\</path>
         <kind>archive</kind>
         <file>libsysbm.a</file>
         <name>open.c.obj</name>
      </input_file>
      <input_file id="fl-fd">
         <path>D:\ccs\install\ccs\tools\compiler\ti-cgt-armllvm_4.0.3.LTS\lib\armv6m-ti-none-eabi\c\</path>
         <kind>archive</kind>
         <file>libsysbm.a</file>
         <name>lseek.c.obj</name>
      </input_file>
      <input_file id="fl-fe">
         <path>D:\ccs\install\ccs\tools\compiler\ti-cgt-armllvm_4.0.3.LTS\lib\armv6m-ti-none-eabi\c\</path>
         <kind>archive</kind>
         <file>libsysbm.a</file>
         <name>close.c.obj</name>
      </input_file>
      <input_file id="fl-ff">
         <path>D:\ccs\install\ccs\tools\compiler\ti-cgt-armllvm_4.0.3.LTS\lib\armv6m-ti-none-eabi\c\</path>
         <kind>archive</kind>
         <file>libsysbm.a</file>
         <name>unlink.c.obj</name>
      </input_file>
      <input_file id="fl-100">
         <path>D:\ccs\install\ccs\tools\compiler\ti-cgt-armllvm_4.0.3.LTS\lib\armv6m-ti-none-eabi\c\</path>
         <kind>archive</kind>
         <file>libsysbm.a</file>
         <name>hostclose.c.obj</name>
      </input_file>
      <input_file id="fl-101">
         <path>D:\ccs\install\ccs\tools\compiler\ti-cgt-armllvm_4.0.3.LTS\lib\armv6m-ti-none-eabi\c\</path>
         <kind>archive</kind>
         <file>libsysbm.a</file>
         <name>hostlseek.c.obj</name>
      </input_file>
      <input_file id="fl-102">
         <path>D:\ccs\install\ccs\tools\compiler\ti-cgt-armllvm_4.0.3.LTS\lib\armv6m-ti-none-eabi\c\</path>
         <kind>archive</kind>
         <file>libsysbm.a</file>
         <name>hostopen.c.obj</name>
      </input_file>
      <input_file id="fl-103">
         <path>D:\ccs\install\ccs\tools\compiler\ti-cgt-armllvm_4.0.3.LTS\lib\armv6m-ti-none-eabi\c\</path>
         <kind>archive</kind>
         <file>libsysbm.a</file>
         <name>hostread.c.obj</name>
      </input_file>
      <input_file id="fl-104">
         <path>D:\ccs\install\ccs\tools\compiler\ti-cgt-armllvm_4.0.3.LTS\lib\armv6m-ti-none-eabi\c\</path>
         <kind>archive</kind>
         <file>libsysbm.a</file>
         <name>hostrename.c.obj</name>
      </input_file>
      <input_file id="fl-105">
         <path>D:\ccs\install\ccs\tools\compiler\ti-cgt-armllvm_4.0.3.LTS\lib\armv6m-ti-none-eabi\c\</path>
         <kind>archive</kind>
         <file>libsysbm.a</file>
         <name>hostunlink.c.obj</name>
      </input_file>
      <input_file id="fl-106">
         <path>D:\ccs\install\ccs\tools\compiler\ti-cgt-armllvm_4.0.3.LTS\lib\armv6m-ti-none-eabi\c\</path>
         <kind>archive</kind>
         <file>libsysbm.a</file>
         <name>hostwrite.c.obj</name>
      </input_file>
      <input_file id="fl-107">
         <path>D:\ccs\install\ccs\tools\compiler\ti-cgt-armllvm_4.0.3.LTS\lib\armv6m-ti-none-eabi\c\</path>
         <kind>archive</kind>
         <file>libsysbm.a</file>
         <name>trgmsg.c.obj</name>
      </input_file>
      <input_file id="fl-108">
         <path>D:\ccs\install\ccs\tools\compiler\ti-cgt-armllvm_4.0.3.LTS\lib\armv6m-ti-none-eabi\</path>
         <kind>archive</kind>
         <file>libclang_rt.builtins.a</file>
         <name>addsf3.S.obj</name>
      </input_file>
      <input_file id="fl-109">
         <path>D:\ccs\install\ccs\tools\compiler\ti-cgt-armllvm_4.0.3.LTS\lib\armv6m-ti-none-eabi\</path>
         <kind>archive</kind>
         <file>libclang_rt.builtins.a</file>
         <name>adddf3.S.obj</name>
      </input_file>
      <input_file id="fl-10a">
         <path>D:\ccs\install\ccs\tools\compiler\ti-cgt-armllvm_4.0.3.LTS\lib\armv6m-ti-none-eabi\</path>
         <kind>archive</kind>
         <file>libclang_rt.builtins.a</file>
         <name>muldf3.S.obj</name>
      </input_file>
      <input_file id="fl-10b">
         <path>D:\ccs\install\ccs\tools\compiler\ti-cgt-armllvm_4.0.3.LTS\lib\armv6m-ti-none-eabi\</path>
         <kind>archive</kind>
         <file>libclang_rt.builtins.a</file>
         <name>muldsi3.S.obj</name>
      </input_file>
      <input_file id="fl-10c">
         <path>D:\ccs\install\ccs\tools\compiler\ti-cgt-armllvm_4.0.3.LTS\lib\armv6m-ti-none-eabi\</path>
         <kind>archive</kind>
         <file>libclang_rt.builtins.a</file>
         <name>mulsf3.S.obj</name>
      </input_file>
      <input_file id="fl-10d">
         <path>D:\ccs\install\ccs\tools\compiler\ti-cgt-armllvm_4.0.3.LTS\lib\armv6m-ti-none-eabi\</path>
         <kind>archive</kind>
         <file>libclang_rt.builtins.a</file>
         <name>divsf3.S.obj</name>
      </input_file>
      <input_file id="fl-10e">
         <path>D:\ccs\install\ccs\tools\compiler\ti-cgt-armllvm_4.0.3.LTS\lib\armv6m-ti-none-eabi\</path>
         <kind>archive</kind>
         <file>libclang_rt.builtins.a</file>
         <name>divdf3.S.obj</name>
      </input_file>
      <input_file id="fl-10f">
         <path>D:\ccs\install\ccs\tools\compiler\ti-cgt-armllvm_4.0.3.LTS\lib\armv6m-ti-none-eabi\</path>
         <kind>archive</kind>
         <file>libclang_rt.builtins.a</file>
         <name>extendsfdf2.S.obj</name>
      </input_file>
      <input_file id="fl-110">
         <path>D:\ccs\install\ccs\tools\compiler\ti-cgt-armllvm_4.0.3.LTS\lib\armv6m-ti-none-eabi\</path>
         <kind>archive</kind>
         <file>libclang_rt.builtins.a</file>
         <name>fixdfsi.S.obj</name>
      </input_file>
      <input_file id="fl-111">
         <path>D:\ccs\install\ccs\tools\compiler\ti-cgt-armllvm_4.0.3.LTS\lib\armv6m-ti-none-eabi\</path>
         <kind>archive</kind>
         <file>libclang_rt.builtins.a</file>
         <name>fixsfsi.S.obj</name>
      </input_file>
      <input_file id="fl-112">
         <path>D:\ccs\install\ccs\tools\compiler\ti-cgt-armllvm_4.0.3.LTS\lib\armv6m-ti-none-eabi\</path>
         <kind>archive</kind>
         <file>libclang_rt.builtins.a</file>
         <name>floatsidf.S.obj</name>
      </input_file>
      <input_file id="fl-113">
         <path>D:\ccs\install\ccs\tools\compiler\ti-cgt-armllvm_4.0.3.LTS\lib\armv6m-ti-none-eabi\</path>
         <kind>archive</kind>
         <file>libclang_rt.builtins.a</file>
         <name>floatsisf.S.obj</name>
      </input_file>
      <input_file id="fl-114">
         <path>D:\ccs\install\ccs\tools\compiler\ti-cgt-armllvm_4.0.3.LTS\lib\armv6m-ti-none-eabi\</path>
         <kind>archive</kind>
         <file>libclang_rt.builtins.a</file>
         <name>floatunsisf.S.obj</name>
      </input_file>
      <input_file id="fl-115">
         <path>D:\ccs\install\ccs\tools\compiler\ti-cgt-armllvm_4.0.3.LTS\lib\armv6m-ti-none-eabi\</path>
         <kind>archive</kind>
         <file>libclang_rt.builtins.a</file>
         <name>muldi3.S.obj</name>
      </input_file>
      <input_file id="fl-116">
         <path>D:\ccs\install\ccs\tools\compiler\ti-cgt-armllvm_4.0.3.LTS\lib\armv6m-ti-none-eabi\</path>
         <kind>archive</kind>
         <file>libclang_rt.builtins.a</file>
         <name>truncdfsf2.S.obj</name>
      </input_file>
      <input_file id="fl-117">
         <path>D:\ccs\install\ccs\tools\compiler\ti-cgt-armllvm_4.0.3.LTS\lib\armv6m-ti-none-eabi\</path>
         <kind>archive</kind>
         <file>libclang_rt.builtins.a</file>
         <name>aeabi_dcmp.S.obj</name>
      </input_file>
      <input_file id="fl-118">
         <path>D:\ccs\install\ccs\tools\compiler\ti-cgt-armllvm_4.0.3.LTS\lib\armv6m-ti-none-eabi\</path>
         <kind>archive</kind>
         <file>libclang_rt.builtins.a</file>
         <name>aeabi_fcmp.S.obj</name>
      </input_file>
      <input_file id="fl-119">
         <path>D:\ccs\install\ccs\tools\compiler\ti-cgt-armllvm_4.0.3.LTS\lib\armv6m-ti-none-eabi\</path>
         <kind>archive</kind>
         <file>libclang_rt.builtins.a</file>
         <name>aeabi_idivmod.S.obj</name>
      </input_file>
      <input_file id="fl-11a">
         <path>D:\ccs\install\ccs\tools\compiler\ti-cgt-armllvm_4.0.3.LTS\lib\armv6m-ti-none-eabi\</path>
         <kind>archive</kind>
         <file>libclang_rt.builtins.a</file>
         <name>aeabi_ldivmod.S.obj</name>
      </input_file>
      <input_file id="fl-11b">
         <path>D:\ccs\install\ccs\tools\compiler\ti-cgt-armllvm_4.0.3.LTS\lib\armv6m-ti-none-eabi\</path>
         <kind>archive</kind>
         <file>libclang_rt.builtins.a</file>
         <name>aeabi_memcpy.S.obj</name>
      </input_file>
      <input_file id="fl-11c">
         <path>D:\ccs\install\ccs\tools\compiler\ti-cgt-armllvm_4.0.3.LTS\lib\armv6m-ti-none-eabi\</path>
         <kind>archive</kind>
         <file>libclang_rt.builtins.a</file>
         <name>aeabi_memset.S.obj</name>
      </input_file>
      <input_file id="fl-11d">
         <path>D:\ccs\install\ccs\tools\compiler\ti-cgt-armllvm_4.0.3.LTS\lib\armv6m-ti-none-eabi\</path>
         <kind>archive</kind>
         <file>libclang_rt.builtins.a</file>
         <name>aeabi_uidivmod.S.obj</name>
      </input_file>
      <input_file id="fl-11e">
         <path>D:\ccs\install\ccs\tools\compiler\ti-cgt-armllvm_4.0.3.LTS\lib\armv6m-ti-none-eabi\</path>
         <kind>archive</kind>
         <file>libclang_rt.builtins.a</file>
         <name>aeabi_uldivmod.S.obj</name>
      </input_file>
      <input_file id="fl-11f">
         <path>D:\ccs\install\ccs\tools\compiler\ti-cgt-armllvm_4.0.3.LTS\lib\armv6m-ti-none-eabi\</path>
         <kind>archive</kind>
         <file>libclang_rt.builtins.a</file>
         <name>comparesf2.S.obj</name>
      </input_file>
      <input_file id="fl-120">
         <path>D:\ccs\install\ccs\tools\compiler\ti-cgt-armllvm_4.0.3.LTS\lib\armv6m-ti-none-eabi\</path>
         <kind>archive</kind>
         <file>libclang_rt.builtins.a</file>
         <name>udivmoddi4.S.obj</name>
      </input_file>
      <input_file id="fl-121">
         <path>D:\ccs\install\ccs\tools\compiler\ti-cgt-armllvm_4.0.3.LTS\lib\armv6m-ti-none-eabi\</path>
         <kind>archive</kind>
         <file>libclang_rt.builtins.a</file>
         <name>ashldi3.S.obj</name>
      </input_file>
      <input_file id="fl-122">
         <path>D:\ccs\install\ccs\tools\compiler\ti-cgt-armllvm_4.0.3.LTS\lib\armv6m-ti-none-eabi\</path>
         <kind>archive</kind>
         <file>libclang_rt.builtins.a</file>
         <name>comparedf2.c.obj</name>
      </input_file>
      <input_file id="fl-123">
         <path>D:\ccs\install\ccs\tools\compiler\ti-cgt-armllvm_4.0.3.LTS\lib\armv6m-ti-none-eabi\</path>
         <kind>archive</kind>
         <file>libclang_rt.builtins.a</file>
         <name>divmoddi4.c.obj</name>
      </input_file>
      <input_file id="fl-124">
         <path>D:\ccs\install\ccs\tools\compiler\ti-cgt-armllvm_4.0.3.LTS\lib\armv6m-ti-none-eabi\</path>
         <kind>archive</kind>
         <file>libclang_rt.builtins.a</file>
         <name>aeabi_div0.c.obj</name>
      </input_file>
      <input_file id="fl-125">
         <path>D:\ccs\install\ccs\tools\compiler\ti-cgt-armllvm_4.0.3.LTS\lib\armv6m-ti-none-eabi\c\</path>
         <kind>archive</kind>
         <file>libc.a</file>
         <name>getdevice.c.obj</name>
      </input_file>
      <input_file id="fl-126">
         <path>D:\ccs\install\ccs\tools\compiler\ti-cgt-armllvm_4.0.3.LTS\lib\armv6m-ti-none-eabi\c\</path>
         <kind>archive</kind>
         <file>libc.a</file>
         <name>memcpy16.S.obj</name>
      </input_file>
      <input_file id="fl-127">
         <path>D:\ccs\install\ccs\tools\compiler\ti-cgt-armllvm_4.0.3.LTS\lib\armv6m-ti-none-eabi\c\</path>
         <kind>archive</kind>
         <file>libc.a</file>
         <name>memset16.S.obj</name>
      </input_file>
      <input_file id="fl-128">
         <path>D:\ccs\install\ccs\tools\compiler\ti-cgt-armllvm_4.0.3.LTS\lib\armv6m-ti-none-eabi\c\</path>
         <kind>archive</kind>
         <file>libc.a</file>
         <name>strcmp-armv6m.S.obj</name>
      </input_file>
   </input_file_list>
   <object_component_list>
      <object_component id="oc-18">
         <name>.intvecs</name>
         <load_address>0x0</load_address>
         <readonly>true</readonly>
         <run_address>0x0</run_address>
         <size>0xc0</size>
         <alignment>0x4</alignment>
         <input_file_ref idref="fl-5"/>
      </object_component>
      <object_component id="oc-f7">
         <name>.text.dmp_enable_feature</name>
         <load_address>0xc0</load_address>
         <readonly>true</readonly>
         <executable>true</executable>
         <run_address>0xc0</run_address>
         <size>0x278</size>
         <alignment>0x4</alignment>
         <input_file_ref idref="fl-7"/>
      </object_component>
      <object_component id="oc-181">
         <name>.text.dmp_set_tap_thresh</name>
         <load_address>0x338</load_address>
         <readonly>true</readonly>
         <executable>true</executable>
         <run_address>0x338</run_address>
         <size>0x238</size>
         <alignment>0x4</alignment>
         <input_file_ref idref="fl-7"/>
      </object_component>
      <object_component id="oc-177">
         <name>.text.mpu_reset_fifo</name>
         <load_address>0x570</load_address>
         <readonly>true</readonly>
         <executable>true</executable>
         <run_address>0x570</run_address>
         <size>0x22c</size>
         <alignment>0x4</alignment>
         <input_file_ref idref="fl-6"/>
      </object_component>
      <object_component id="oc-171">
         <name>.text.mpu_set_bypass</name>
         <load_address>0x79c</load_address>
         <readonly>true</readonly>
         <executable>true</executable>
         <run_address>0x79c</run_address>
         <size>0x1a0</size>
         <alignment>0x4</alignment>
         <input_file_ref idref="fl-6"/>
      </object_component>
      <object_component id="oc-f4">
         <name>.text.dmp_set_orientation</name>
         <load_address>0x93c</load_address>
         <readonly>true</readonly>
         <executable>true</executable>
         <run_address>0x93c</run_address>
         <size>0x178</size>
         <alignment>0x4</alignment>
         <input_file_ref idref="fl-7"/>
      </object_component>
      <object_component id="oc-9a">
         <name>.text.MPU6050_Init</name>
         <load_address>0xab4</load_address>
         <readonly>true</readonly>
         <executable>true</executable>
         <run_address>0xab4</run_address>
         <size>0x144</size>
         <alignment>0x4</alignment>
         <input_file_ref idref="fl-8"/>
      </object_component>
      <object_component id="oc-1bc">
         <name>.text.mspm0_i2c_read</name>
         <load_address>0xbf8</load_address>
         <readonly>true</readonly>
         <executable>true</executable>
         <run_address>0xbf8</run_address>
         <size>0x134</size>
         <alignment>0x4</alignment>
         <input_file_ref idref="fl-9"/>
      </object_component>
      <object_component id="oc-e8">
         <name>.text.mpu_set_sensors</name>
         <load_address>0xd2c</load_address>
         <readonly>true</readonly>
         <executable>true</executable>
         <run_address>0xd2c</run_address>
         <size>0x130</size>
         <alignment>0x4</alignment>
         <input_file_ref idref="fl-6"/>
      </object_component>
      <object_component id="oc-e3">
         <name>.text.mpu_init</name>
         <load_address>0xe5c</load_address>
         <readonly>true</readonly>
         <executable>true</executable>
         <run_address>0xe5c</run_address>
         <size>0x128</size>
         <alignment>0x4</alignment>
         <input_file_ref idref="fl-6"/>
      </object_component>
      <object_component id="oc-d1">
         <name>.text.SYSCFG_DL_GPIO_init</name>
         <load_address>0xf84</load_address>
         <readonly>true</readonly>
         <executable>true</executable>
         <run_address>0xf84</run_address>
         <size>0x124</size>
         <alignment>0x4</alignment>
         <input_file_ref idref="fl-4"/>
      </object_component>
      <object_component id="oc-179">
         <name>.text.mpu_load_firmware</name>
         <load_address>0x10a8</load_address>
         <readonly>true</readonly>
         <executable>true</executable>
         <run_address>0x10a8</run_address>
         <size>0x124</size>
         <alignment>0x4</alignment>
         <input_file_ref idref="fl-6"/>
      </object_component>
      <object_component id="oc-111">
         <name>.text.OLED_ShowChar</name>
         <load_address>0x11cc</load_address>
         <readonly>true</readonly>
         <executable>true</executable>
         <run_address>0x11cc</run_address>
         <size>0x118</size>
         <alignment>0x4</alignment>
         <input_file_ref idref="fl-c"/>
      </object_component>
      <object_component id="oc-14d">
         <name>.text.DL_Timer_initFourCCPWMMode</name>
         <load_address>0x12e4</load_address>
         <readonly>true</readonly>
         <executable>true</executable>
         <run_address>0x12e4</run_address>
         <size>0x104</size>
         <alignment>0x4</alignment>
         <input_file_ref idref="fl-1d"/>
      </object_component>
      <object_component id="oc-178">
         <name>.text.mpu_lp_accel_mode</name>
         <load_address>0x13e8</load_address>
         <readonly>true</readonly>
         <executable>true</executable>
         <run_address>0x13e8</run_address>
         <size>0x100</size>
         <alignment>0x4</alignment>
         <input_file_ref idref="fl-6"/>
      </object_component>
      <object_component id="oc-9f">
         <name>.text.OLED_Init</name>
         <load_address>0x14e8</load_address>
         <readonly>true</readonly>
         <executable>true</executable>
         <run_address>0x14e8</run_address>
         <size>0xfa</size>
         <alignment>0x2</alignment>
         <input_file_ref idref="fl-c"/>
      </object_component>
      <object_component id="oc-af">
         <name>.text.OLED_ShowNum</name>
         <load_address>0x15e2</load_address>
         <readonly>true</readonly>
         <executable>true</executable>
         <run_address>0x15e2</run_address>
         <size>0xf6</size>
         <alignment>0x2</alignment>
         <input_file_ref idref="fl-c"/>
      </object_component>
      <object_component id="oc-ea">
         <name>.text.mpu_set_sample_rate</name>
         <load_address>0x16d8</load_address>
         <readonly>true</readonly>
         <executable>true</executable>
         <run_address>0x16d8</run_address>
         <size>0xec</size>
         <alignment>0x4</alignment>
         <input_file_ref idref="fl-6"/>
      </object_component>
      <object_component id="oc-16f">
         <name>.text.mpu_set_accel_fsr</name>
         <load_address>0x17c4</load_address>
         <readonly>true</readonly>
         <executable>true</executable>
         <run_address>0x17c4</run_address>
         <size>0xe4</size>
         <alignment>0x4</alignment>
         <input_file_ref idref="fl-6"/>
      </object_component>
      <object_component id="oc-13d">
         <name>.text.DL_SYSCTL_configSYSPLL</name>
         <load_address>0x18a8</load_address>
         <readonly>true</readonly>
         <executable>true</executable>
         <run_address>0x18a8</run_address>
         <size>0xdc</size>
         <alignment>0x4</alignment>
         <input_file_ref idref="fl-1e"/>
      </object_component>
      <object_component id="oc-176">
         <name>.text.set_int_enable</name>
         <load_address>0x1984</load_address>
         <readonly>true</readonly>
         <executable>true</executable>
         <run_address>0x1984</run_address>
         <size>0xd4</size>
         <alignment>0x4</alignment>
         <input_file_ref idref="fl-6"/>
      </object_component>
      <object_component id="oc-170">
         <name>.text.mpu_set_lpf</name>
         <load_address>0x1a58</load_address>
         <readonly>true</readonly>
         <executable>true</executable>
         <run_address>0x1a58</run_address>
         <size>0xd0</size>
         <alignment>0x4</alignment>
         <input_file_ref idref="fl-6"/>
      </object_component>
      <object_component id="oc-16e">
         <name>.text.mpu_set_gyro_fsr</name>
         <load_address>0x1b28</load_address>
         <readonly>true</readonly>
         <executable>true</executable>
         <run_address>0x1b28</run_address>
         <size>0xc4</size>
         <alignment>0x4</alignment>
         <input_file_ref idref="fl-6"/>
      </object_component>
      <object_component id="oc-16d">
         <name>.text.mspm0_i2c_write</name>
         <load_address>0x1bec</load_address>
         <readonly>true</readonly>
         <executable>true</executable>
         <run_address>0x1bec</run_address>
         <size>0xc4</size>
         <alignment>0x4</alignment>
         <input_file_ref idref="fl-9"/>
      </object_component>
      <object_component id="oc-e9">
         <name>.text.mpu_configure_fifo</name>
         <load_address>0x1cb0</load_address>
         <readonly>true</readonly>
         <executable>true</executable>
         <run_address>0x1cb0</run_address>
         <size>0xbc</size>
         <alignment>0x4</alignment>
         <input_file_ref idref="fl-6"/>
      </object_component>
      <object_component id="oc-f9">
         <name>.text.mpu_set_dmp_state</name>
         <load_address>0x1d6c</load_address>
         <readonly>true</readonly>
         <executable>true</executable>
         <run_address>0x1d6c</run_address>
         <size>0xb8</size>
         <alignment>0x4</alignment>
         <input_file_ref idref="fl-6"/>
      </object_component>
      <object_component id="oc-1c0">
         <name>.text.mpu_read_mem</name>
         <load_address>0x1e24</load_address>
         <readonly>true</readonly>
         <executable>true</executable>
         <run_address>0x1e24</run_address>
         <size>0xac</size>
         <alignment>0x4</alignment>
         <input_file_ref idref="fl-6"/>
      </object_component>
      <object_component id="oc-17e">
         <name>.text.mpu_write_mem</name>
         <load_address>0x1ed0</load_address>
         <readonly>true</readonly>
         <executable>true</executable>
         <run_address>0x1ed0</run_address>
         <size>0xac</size>
         <alignment>0x4</alignment>
         <input_file_ref idref="fl-6"/>
      </object_component>
      <object_component id="oc-175">
         <name>.text.mpu_set_int_latched</name>
         <load_address>0x1f7c</load_address>
         <readonly>true</readonly>
         <executable>true</executable>
         <run_address>0x1f7c</run_address>
         <size>0x9c</size>
         <alignment>0x4</alignment>
         <input_file_ref idref="fl-6"/>
      </object_component>
      <object_component id="oc-f8">
         <name>.text.dmp_set_fifo_rate</name>
         <load_address>0x2018</load_address>
         <readonly>true</readonly>
         <executable>true</executable>
         <run_address>0x2018</run_address>
         <size>0x98</size>
         <alignment>0x4</alignment>
         <input_file_ref idref="fl-7"/>
      </object_component>
      <object_component id="oc-17d">
         <name>.text.inv_row_2_scale</name>
         <load_address>0x20b0</load_address>
         <readonly>true</readonly>
         <executable>true</executable>
         <run_address>0x20b0</run_address>
         <size>0x96</size>
         <alignment>0x2</alignment>
         <input_file_ref idref="fl-8"/>
      </object_component>
      <object_component id="oc-18f">
         <name>.text.__aeabi_idiv0</name>
         <load_address>0x2146</load_address>
         <readonly>true</readonly>
         <executable>true</executable>
         <run_address>0x2146</run_address>
         <size>0x2</size>
         <alignment>0x2</alignment>
         <input_file_ref idref="fl-124"/>
      </object_component>
      <object_component id="oc-d3">
         <name>.text.SYSCFG_DL_Motor_init</name>
         <load_address>0x2148</load_address>
         <readonly>true</readonly>
         <executable>true</executable>
         <run_address>0x2148</run_address>
         <size>0x8c</size>
         <alignment>0x4</alignment>
         <input_file_ref idref="fl-4"/>
      </object_component>
      <object_component id="oc-1cd">
         <name>.text.__mulsf3</name>
         <load_address>0x21d4</load_address>
         <readonly>true</readonly>
         <executable>true</executable>
         <run_address>0x21d4</run_address>
         <size>0x8c</size>
         <alignment>0x4</alignment>
         <input_file_ref idref="fl-10c"/>
      </object_component>
      <object_component id="oc-d8">
         <name>.text.__NVIC_SetPriority</name>
         <load_address>0x2260</load_address>
         <readonly>true</readonly>
         <executable>true</executable>
         <run_address>0x2260</run_address>
         <size>0x84</size>
         <alignment>0x4</alignment>
         <input_file_ref idref="fl-a"/>
      </object_component>
      <object_component id="oc-145">
         <name>.text.__NVIC_SetPriority</name>
         <load_address>0x22e4</load_address>
         <readonly>true</readonly>
         <executable>true</executable>
         <run_address>0x22e4</run_address>
         <size>0x84</size>
         <alignment>0x4</alignment>
         <input_file_ref idref="fl-4"/>
      </object_component>
      <object_component id="oc-1c9">
         <name>.text.__divsf3</name>
         <load_address>0x2368</load_address>
         <readonly>true</readonly>
         <executable>true</executable>
         <run_address>0x2368</run_address>
         <size>0x82</size>
         <alignment>0x4</alignment>
         <input_file_ref idref="fl-10d"/>
      </object_component>
      <object_component id="oc-39">
         <name>.text.GROUP1_IRQHandler</name>
         <load_address>0x23ec</load_address>
         <readonly>true</readonly>
         <executable>true</executable>
         <run_address>0x23ec</run_address>
         <size>0x80</size>
         <alignment>0x4</alignment>
         <input_file_ref idref="fl-3"/>
      </object_component>
      <object_component id="oc-18c">
         <name>.text.Send_Byte</name>
         <load_address>0x246c</load_address>
         <readonly>true</readonly>
         <executable>true</executable>
         <run_address>0x246c</run_address>
         <size>0x7c</size>
         <alignment>0x4</alignment>
         <input_file_ref idref="fl-c"/>
      </object_component>
      <object_component id="oc-1c">
         <name>.text:decompress:lzss</name>
         <load_address>0x24e8</load_address>
         <readonly>true</readonly>
         <executable>true</executable>
         <run_address>0x24e8</run_address>
         <size>0x7c</size>
         <alignment>0x4</alignment>
         <input_file_ref idref="fl-46"/>
      </object_component>
      <object_component id="oc-78">
         <name>.text.main</name>
         <load_address>0x2564</load_address>
         <readonly>true</readonly>
         <executable>true</executable>
         <run_address>0x2564</run_address>
         <size>0x78</size>
         <alignment>0x4</alignment>
         <input_file_ref idref="fl-3"/>
      </object_component>
      <object_component id="oc-ed">
         <name>.text.mpu_get_accel_fsr</name>
         <load_address>0x25dc</load_address>
         <readonly>true</readonly>
         <executable>true</executable>
         <run_address>0x25dc</run_address>
         <size>0x74</size>
         <alignment>0x4</alignment>
         <input_file_ref idref="fl-6"/>
      </object_component>
      <object_component id="oc-109">
         <name>.text.OLED_ShowString</name>
         <load_address>0x2650</load_address>
         <readonly>true</readonly>
         <executable>true</executable>
         <run_address>0x2650</run_address>
         <size>0x70</size>
         <alignment>0x2</alignment>
         <input_file_ref idref="fl-c"/>
      </object_component>
      <object_component id="oc-102">
         <name>.text.OLED_Clear</name>
         <load_address>0x26c0</load_address>
         <readonly>true</readonly>
         <executable>true</executable>
         <run_address>0x26c0</run_address>
         <size>0x6a</size>
         <alignment>0x2</alignment>
         <input_file_ref idref="fl-c"/>
      </object_component>
      <object_component id="oc-182">
         <name>.text.dmp_set_tap_axes</name>
         <load_address>0x272a</load_address>
         <readonly>true</readonly>
         <executable>true</executable>
         <run_address>0x272a</run_address>
         <size>0x66</size>
         <alignment>0x2</alignment>
         <input_file_ref idref="fl-7"/>
      </object_component>
      <object_component id="oc-180">
         <name>.text.dmp_enable_gyro_cal</name>
         <load_address>0x2790</load_address>
         <readonly>true</readonly>
         <executable>true</executable>
         <run_address>0x2790</run_address>
         <size>0x60</size>
         <alignment>0x4</alignment>
         <input_file_ref idref="fl-7"/>
      </object_component>
      <object_component id="oc-de">
         <name>.text.mpu6050_i2c_sda_unlock</name>
         <load_address>0x27f0</load_address>
         <readonly>true</readonly>
         <executable>true</executable>
         <run_address>0x27f0</run_address>
         <size>0x60</size>
         <alignment>0x4</alignment>
         <input_file_ref idref="fl-9"/>
      </object_component>
      <object_component id="oc-ec">
         <name>.text.mpu_get_gyro_fsr</name>
         <load_address>0x2850</load_address>
         <readonly>true</readonly>
         <executable>true</executable>
         <run_address>0x2850</run_address>
         <size>0x60</size>
         <alignment>0x4</alignment>
         <input_file_ref idref="fl-6"/>
      </object_component>
      <object_component id="oc-1ba">
         <name>.text.DL_I2C_fillControllerTXFIFO</name>
         <load_address>0x28b0</load_address>
         <readonly>true</readonly>
         <executable>true</executable>
         <run_address>0x28b0</run_address>
         <size>0x5e</size>
         <alignment>0x2</alignment>
         <input_file_ref idref="fl-1c"/>
      </object_component>
      <object_component id="oc-16a">
         <name>.text.mspm0_i2c_enable</name>
         <load_address>0x2910</load_address>
         <readonly>true</readonly>
         <executable>true</executable>
         <run_address>0x2910</run_address>
         <size>0x5c</size>
         <alignment>0x4</alignment>
         <input_file_ref idref="fl-9"/>
      </object_component>
      <object_component id="oc-d4">
         <name>.text.SYSCFG_DL_I2C_MPU6050_init</name>
         <load_address>0x296c</load_address>
         <readonly>true</readonly>
         <executable>true</executable>
         <run_address>0x296c</run_address>
         <size>0x58</size>
         <alignment>0x4</alignment>
         <input_file_ref idref="fl-4"/>
      </object_component>
      <object_component id="oc-d0">
         <name>.text.SYSCFG_DL_initPower</name>
         <load_address>0x29c4</load_address>
         <readonly>true</readonly>
         <executable>true</executable>
         <run_address>0x29c4</run_address>
         <size>0x58</size>
         <alignment>0x4</alignment>
         <input_file_ref idref="fl-4"/>
      </object_component>
      <object_component id="oc-1d5">
         <name>.text.__aeabi_idivmod</name>
         <load_address>0x2a1c</load_address>
         <readonly>true</readonly>
         <executable>true</executable>
         <run_address>0x2a1c</run_address>
         <size>0x56</size>
         <alignment>0x4</alignment>
         <input_file_ref idref="fl-119"/>
      </object_component>
      <object_component id="oc-1b9">
         <name>.text.DL_I2C_startControllerTransfer</name>
         <load_address>0x2a74</load_address>
         <readonly>true</readonly>
         <executable>true</executable>
         <run_address>0x2a74</run_address>
         <size>0x50</size>
         <alignment>0x4</alignment>
         <input_file_ref idref="fl-9"/>
      </object_component>
      <object_component id="oc-d7">
         <name>.text.SysTick_Config</name>
         <load_address>0x2ac4</load_address>
         <readonly>true</readonly>
         <executable>true</executable>
         <run_address>0x2ac4</run_address>
         <size>0x50</size>
         <alignment>0x4</alignment>
         <input_file_ref idref="fl-a"/>
      </object_component>
      <object_component id="oc-101">
         <name>.text.OLED_WR_Byte</name>
         <load_address>0x2b14</load_address>
         <readonly>true</readonly>
         <executable>true</executable>
         <run_address>0x2b14</run_address>
         <size>0x4e</size>
         <alignment>0x2</alignment>
         <input_file_ref idref="fl-c"/>
      </object_component>
      <object_component id="oc-d2">
         <name>.text.SYSCFG_DL_SYSCTL_init</name>
         <load_address>0x2b64</load_address>
         <readonly>true</readonly>
         <executable>true</executable>
         <run_address>0x2b64</run_address>
         <size>0x48</size>
         <alignment>0x4</alignment>
         <input_file_ref idref="fl-4"/>
      </object_component>
      <object_component id="oc-18a">
         <name>.text.dmp_enable_6x_lp_quat</name>
         <load_address>0x2bac</load_address>
         <readonly>true</readonly>
         <executable>true</executable>
         <run_address>0x2bac</run_address>
         <size>0x48</size>
         <alignment>0x4</alignment>
         <input_file_ref idref="fl-7"/>
      </object_component>
      <object_component id="oc-189">
         <name>.text.dmp_enable_lp_quat</name>
         <load_address>0x2bf4</load_address>
         <readonly>true</readonly>
         <executable>true</executable>
         <run_address>0x2bf4</run_address>
         <size>0x48</size>
         <alignment>0x4</alignment>
         <input_file_ref idref="fl-7"/>
      </object_component>
      <object_component id="oc-165">
         <name>.text.mspm0_i2c_disable</name>
         <load_address>0x2c3c</load_address>
         <readonly>true</readonly>
         <executable>true</executable>
         <run_address>0x2c3c</run_address>
         <size>0x48</size>
         <alignment>0x4</alignment>
         <input_file_ref idref="fl-9"/>
      </object_component>
      <object_component id="oc-144">
         <name>.text.DL_SYSCTL_switchMCLKfromSYSOSCtoHSCLK</name>
         <load_address>0x2c84</load_address>
         <readonly>true</readonly>
         <executable>true</executable>
         <run_address>0x2c84</run_address>
         <size>0x44</size>
         <alignment>0x4</alignment>
         <input_file_ref idref="fl-1e"/>
      </object_component>
      <object_component id="oc-186">
         <name>.text.dmp_set_shake_reject_thresh</name>
         <load_address>0x2cc8</load_address>
         <readonly>true</readonly>
         <executable>true</executable>
         <run_address>0x2cc8</run_address>
         <size>0x44</size>
         <alignment>0x2</alignment>
         <input_file_ref idref="fl-7"/>
      </object_component>
      <object_component id="oc-183">
         <name>.text.dmp_set_tap_count</name>
         <load_address>0x2d0c</load_address>
         <readonly>true</readonly>
         <executable>true</executable>
         <run_address>0x2d0c</run_address>
         <size>0x44</size>
         <alignment>0x2</alignment>
         <input_file_ref idref="fl-7"/>
      </object_component>
      <object_component id="oc-10d">
         <name>.text.__aeabi_uidivmod</name>
         <load_address>0x2d50</load_address>
         <readonly>true</readonly>
         <executable>true</executable>
         <run_address>0x2d50</run_address>
         <size>0x40</size>
         <alignment>0x4</alignment>
         <input_file_ref idref="fl-11d"/>
      </object_component>
      <object_component id="oc-f3">
         <name>.text.inv_orientation_matrix_to_scalar</name>
         <load_address>0x2d90</load_address>
         <readonly>true</readonly>
         <executable>true</executable>
         <run_address>0x2d90</run_address>
         <size>0x3e</size>
         <alignment>0x2</alignment>
         <input_file_ref idref="fl-8"/>
      </object_component>
      <object_component id="oc-1b2">
         <name>.text.DL_GPIO_initPeripheralInputFunctionFeatures</name>
         <load_address>0x2dd0</load_address>
         <readonly>true</readonly>
         <executable>true</executable>
         <run_address>0x2dd0</run_address>
         <size>0x3c</size>
         <alignment>0x4</alignment>
         <input_file_ref idref="fl-9"/>
      </object_component>
      <object_component id="oc-12f">
         <name>.text.DL_GPIO_initPeripheralInputFunctionFeatures</name>
         <load_address>0x2e0c</load_address>
         <readonly>true</readonly>
         <executable>true</executable>
         <run_address>0x2e0c</run_address>
         <size>0x3c</size>
         <alignment>0x4</alignment>
         <input_file_ref idref="fl-4"/>
      </object_component>
      <object_component id="oc-1e1">
         <name>.text.DL_I2C_flushControllerTXFIFO</name>
         <load_address>0x2e48</load_address>
         <readonly>true</readonly>
         <executable>true</executable>
         <run_address>0x2e48</run_address>
         <size>0x3c</size>
         <alignment>0x4</alignment>
         <input_file_ref idref="fl-1c"/>
      </object_component>
      <object_component id="oc-14e">
         <name>.text.DL_Timer_setCounterControl</name>
         <load_address>0x2e84</load_address>
         <readonly>true</readonly>
         <executable>true</executable>
         <run_address>0x2e84</run_address>
         <size>0x3c</size>
         <alignment>0x4</alignment>
         <input_file_ref idref="fl-4"/>
      </object_component>
      <object_component id="oc-195">
         <name>.text.OLED_Set_Pos</name>
         <load_address>0x2ec0</load_address>
         <readonly>true</readonly>
         <executable>true</executable>
         <run_address>0x2ec0</run_address>
         <size>0x3c</size>
         <alignment>0x2</alignment>
         <input_file_ref idref="fl-c"/>
      </object_component>
      <object_component id="oc-b7">
         <name>.text:__TI_auto_init_nobinit_nopinit</name>
         <load_address>0x2efc</load_address>
         <readonly>true</readonly>
         <executable>true</executable>
         <run_address>0x2efc</run_address>
         <size>0x3c</size>
         <alignment>0x4</alignment>
         <input_file_ref idref="fl-41"/>
      </object_component>
      <object_component id="oc-1e7">
         <name>.text.__muldsi3</name>
         <load_address>0x2f38</load_address>
         <readonly>true</readonly>
         <executable>true</executable>
         <run_address>0x2f38</run_address>
         <size>0x3a</size>
         <alignment>0x4</alignment>
         <input_file_ref idref="fl-10b"/>
      </object_component>
      <object_component id="oc-18b">
         <name>.text.I2C_Start</name>
         <load_address>0x2f74</load_address>
         <readonly>true</readonly>
         <executable>true</executable>
         <run_address>0x2f74</run_address>
         <size>0x38</size>
         <alignment>0x4</alignment>
         <input_file_ref idref="fl-c"/>
      </object_component>
      <object_component id="oc-1d1">
         <name>.text.__fixsfsi</name>
         <load_address>0x2fac</load_address>
         <readonly>true</readonly>
         <executable>true</executable>
         <run_address>0x2fac</run_address>
         <size>0x38</size>
         <alignment>0x4</alignment>
         <input_file_ref idref="fl-111"/>
      </object_component>
      <object_component id="oc-1af">
         <name>.text.DL_GPIO_initDigitalInputFeatures</name>
         <load_address>0x2fe4</load_address>
         <readonly>true</readonly>
         <executable>true</executable>
         <run_address>0x2fe4</run_address>
         <size>0x34</size>
         <alignment>0x4</alignment>
         <input_file_ref idref="fl-9"/>
      </object_component>
      <object_component id="oc-131">
         <name>.text.DL_GPIO_initDigitalInputFeatures</name>
         <load_address>0x3018</load_address>
         <readonly>true</readonly>
         <executable>true</executable>
         <run_address>0x3018</run_address>
         <size>0x34</size>
         <alignment>0x4</alignment>
         <input_file_ref idref="fl-4"/>
      </object_component>
      <object_component id="oc-eb">
         <name>.text.mpu_get_sample_rate</name>
         <load_address>0x304c</load_address>
         <readonly>true</readonly>
         <executable>true</executable>
         <run_address>0x304c</run_address>
         <size>0x34</size>
         <alignment>0x4</alignment>
         <input_file_ref idref="fl-6"/>
      </object_component>
      <object_component id="oc-187">
         <name>.text.dmp_set_shake_reject_time</name>
         <load_address>0x3080</load_address>
         <readonly>true</readonly>
         <executable>true</executable>
         <run_address>0x3080</run_address>
         <size>0x32</size>
         <alignment>0x2</alignment>
         <input_file_ref idref="fl-7"/>
      </object_component>
      <object_component id="oc-188">
         <name>.text.dmp_set_shake_reject_timeout</name>
         <load_address>0x30b2</load_address>
         <readonly>true</readonly>
         <executable>true</executable>
         <run_address>0x30b2</run_address>
         <size>0x32</size>
         <alignment>0x2</alignment>
         <input_file_ref idref="fl-7"/>
      </object_component>
      <object_component id="oc-18e">
         <name>.text.I2C_Stop</name>
         <load_address>0x30e4</load_address>
         <readonly>true</readonly>
         <executable>true</executable>
         <run_address>0x30e4</run_address>
         <size>0x30</size>
         <alignment>0x4</alignment>
         <input_file_ref idref="fl-c"/>
      </object_component>
      <object_component id="oc-18d">
         <name>.text.I2C_WaitAck</name>
         <load_address>0x3114</load_address>
         <readonly>true</readonly>
         <executable>true</executable>
         <run_address>0x3114</run_address>
         <size>0x30</size>
         <alignment>0x4</alignment>
         <input_file_ref idref="fl-c"/>
      </object_component>
      <object_component id="oc-ae">
         <name>.text.OLED_ShowCount</name>
         <load_address>0x3144</load_address>
         <readonly>true</readonly>
         <executable>true</executable>
         <run_address>0x3144</run_address>
         <size>0x30</size>
         <alignment>0x4</alignment>
         <input_file_ref idref="fl-c"/>
      </object_component>
      <object_component id="oc-184">
         <name>.text.dmp_set_tap_time</name>
         <load_address>0x3174</load_address>
         <readonly>true</readonly>
         <executable>true</executable>
         <run_address>0x3174</run_address>
         <size>0x30</size>
         <alignment>0x2</alignment>
         <input_file_ref idref="fl-7"/>
      </object_component>
      <object_component id="oc-185">
         <name>.text.dmp_set_tap_time_multi</name>
         <load_address>0x31a4</load_address>
         <readonly>true</readonly>
         <executable>true</executable>
         <run_address>0x31a4</run_address>
         <size>0x30</size>
         <alignment>0x2</alignment>
         <input_file_ref idref="fl-7"/>
      </object_component>
      <object_component id="oc-167">
         <name>.text.mspm0_delay_ms</name>
         <load_address>0x31d4</load_address>
         <readonly>true</readonly>
         <executable>true</executable>
         <run_address>0x31d4</run_address>
         <size>0x30</size>
         <alignment>0x4</alignment>
         <input_file_ref idref="fl-a"/>
      </object_component>
      <object_component id="oc-10c">
         <name>.text.oled_pow</name>
         <load_address>0x3204</load_address>
         <readonly>true</readonly>
         <executable>true</executable>
         <run_address>0x3204</run_address>
         <size>0x30</size>
         <alignment>0x2</alignment>
         <input_file_ref idref="fl-c"/>
      </object_component>
      <object_component id="oc-db">
         <name>.text.__NVIC_ClearPendingIRQ</name>
         <load_address>0x3234</load_address>
         <readonly>true</readonly>
         <executable>true</executable>
         <run_address>0x3234</run_address>
         <size>0x2c</size>
         <alignment>0x4</alignment>
         <input_file_ref idref="fl-3"/>
      </object_component>
      <object_component id="oc-d9">
         <name>.text.__NVIC_EnableIRQ</name>
         <load_address>0x3260</load_address>
         <readonly>true</readonly>
         <executable>true</executable>
         <run_address>0x3260</run_address>
         <size>0x2c</size>
         <alignment>0x4</alignment>
         <input_file_ref idref="fl-b"/>
      </object_component>
      <object_component id="oc-dc">
         <name>.text.__NVIC_EnableIRQ</name>
         <load_address>0x328c</load_address>
         <readonly>true</readonly>
         <executable>true</executable>
         <run_address>0x328c</run_address>
         <size>0x2c</size>
         <alignment>0x4</alignment>
         <input_file_ref idref="fl-3"/>
      </object_component>
      <object_component id="oc-1b5">
         <name>.text.mspm0_get_clock_ms</name>
         <load_address>0x32b8</load_address>
         <readonly>true</readonly>
         <executable>true</executable>
         <run_address>0x32b8</run_address>
         <size>0x2c</size>
         <alignment>0x4</alignment>
         <input_file_ref idref="fl-a"/>
      </object_component>
      <object_component id="oc-1de">
         <name>.text.DL_Common_updateReg</name>
         <load_address>0x32e4</load_address>
         <readonly>true</readonly>
         <executable>true</executable>
         <run_address>0x32e4</run_address>
         <size>0x28</size>
         <alignment>0x2</alignment>
         <input_file_ref idref="fl-9"/>
      </object_component>
      <object_component id="oc-1a6">
         <name>.text.DL_Common_updateReg</name>
         <load_address>0x330c</load_address>
         <readonly>true</readonly>
         <executable>true</executable>
         <run_address>0x330c</run_address>
         <size>0x28</size>
         <alignment>0x2</alignment>
         <input_file_ref idref="fl-4"/>
      </object_component>
      <object_component id="oc-161">
         <name>.text.DL_I2C_setControllerRXFIFOThreshold</name>
         <load_address>0x3334</load_address>
         <readonly>true</readonly>
         <executable>true</executable>
         <run_address>0x3334</run_address>
         <size>0x28</size>
         <alignment>0x4</alignment>
         <input_file_ref idref="fl-4"/>
      </object_component>
      <object_component id="oc-160">
         <name>.text.DL_I2C_setControllerTXFIFOThreshold</name>
         <load_address>0x335c</load_address>
         <readonly>true</readonly>
         <executable>true</executable>
         <run_address>0x335c</run_address>
         <size>0x28</size>
         <alignment>0x4</alignment>
         <input_file_ref idref="fl-4"/>
      </object_component>
      <object_component id="oc-1c5">
         <name>.text.__floatunsisf</name>
         <load_address>0x3384</load_address>
         <readonly>true</readonly>
         <executable>true</executable>
         <run_address>0x3384</run_address>
         <size>0x28</size>
         <alignment>0x4</alignment>
         <input_file_ref idref="fl-114"/>
      </object_component>
      <object_component id="oc-59">
         <name>.text:_c_int00_noargs</name>
         <load_address>0x33ac</load_address>
         <readonly>true</readonly>
         <executable>true</executable>
         <run_address>0x33ac</run_address>
         <size>0x28</size>
         <alignment>0x4</alignment>
         <input_file_ref idref="fl-3f"/>
      </object_component>
      <object_component id="oc-15c">
         <name>.text.DL_I2C_setAnalogGlitchFilterPulseWidth</name>
         <load_address>0x33d4</load_address>
         <readonly>true</readonly>
         <executable>true</executable>
         <run_address>0x33d4</run_address>
         <size>0x26</size>
         <alignment>0x2</alignment>
         <input_file_ref idref="fl-4"/>
      </object_component>
      <object_component id="oc-156">
         <name>.text.DL_I2C_setClockConfig</name>
         <load_address>0x33fa</load_address>
         <readonly>true</readonly>
         <executable>true</executable>
         <run_address>0x33fa</run_address>
         <size>0x26</size>
         <alignment>0x2</alignment>
         <input_file_ref idref="fl-1c"/>
      </object_component>
      <object_component id="oc-ad">
         <name>.text.Motor2_Off</name>
         <load_address>0x3420</load_address>
         <readonly>true</readonly>
         <executable>true</executable>
         <run_address>0x3420</run_address>
         <size>0x24</size>
         <alignment>0x4</alignment>
         <input_file_ref idref="fl-2"/>
      </object_component>
      <object_component id="oc-aa">
         <name>.text.Motor2_On</name>
         <load_address>0x3444</load_address>
         <readonly>true</readonly>
         <executable>true</executable>
         <run_address>0x3444</run_address>
         <size>0x24</size>
         <alignment>0x4</alignment>
         <input_file_ref idref="fl-2"/>
      </object_component>
      <object_component id="oc-139">
         <name>.text.DL_SYSCTL_setFlashWaitState</name>
         <load_address>0x3468</load_address>
         <readonly>true</readonly>
         <executable>true</executable>
         <run_address>0x3468</run_address>
         <size>0x20</size>
         <alignment>0x4</alignment>
         <input_file_ref idref="fl-4"/>
      </object_component>
      <object_component id="oc-ac">
         <name>.text.Motor1_Off</name>
         <load_address>0x3488</load_address>
         <readonly>true</readonly>
         <executable>true</executable>
         <run_address>0x3488</run_address>
         <size>0x20</size>
         <alignment>0x4</alignment>
         <input_file_ref idref="fl-2"/>
      </object_component>
      <object_component id="oc-a5">
         <name>.text.Motor1_On</name>
         <load_address>0x34a8</load_address>
         <readonly>true</readonly>
         <executable>true</executable>
         <run_address>0x34a8</run_address>
         <size>0x20</size>
         <alignment>0x4</alignment>
         <input_file_ref idref="fl-2"/>
      </object_component>
      <object_component id="oc-1c1">
         <name>.text.memcmp</name>
         <load_address>0x34c8</load_address>
         <readonly>true</readonly>
         <executable>true</executable>
         <run_address>0x34c8</run_address>
         <size>0x20</size>
         <alignment>0x2</alignment>
         <input_file_ref idref="fl-3d"/>
      </object_component>
      <object_component id="oc-66">
         <name>.text.DL_GPIO_clearInterruptStatus</name>
         <load_address>0x34e8</load_address>
         <readonly>true</readonly>
         <executable>true</executable>
         <run_address>0x34e8</run_address>
         <size>0x1c</size>
         <alignment>0x4</alignment>
         <input_file_ref idref="fl-3"/>
      </object_component>
      <object_component id="oc-135">
         <name>.text.DL_GPIO_clearInterruptStatus</name>
         <load_address>0x3504</load_address>
         <readonly>true</readonly>
         <executable>true</executable>
         <run_address>0x3504</run_address>
         <size>0x1c</size>
         <alignment>0x4</alignment>
         <input_file_ref idref="fl-4"/>
      </object_component>
      <object_component id="oc-1b3">
         <name>.text.DL_GPIO_enableHiZ</name>
         <load_address>0x3520</load_address>
         <readonly>true</readonly>
         <executable>true</executable>
         <run_address>0x3520</run_address>
         <size>0x1c</size>
         <alignment>0x4</alignment>
         <input_file_ref idref="fl-9"/>
      </object_component>
      <object_component id="oc-130">
         <name>.text.DL_GPIO_enableHiZ</name>
         <load_address>0x353c</load_address>
         <readonly>true</readonly>
         <executable>true</executable>
         <run_address>0x353c</run_address>
         <size>0x1c</size>
         <alignment>0x4</alignment>
         <input_file_ref idref="fl-4"/>
      </object_component>
      <object_component id="oc-136">
         <name>.text.DL_GPIO_enableInterrupt</name>
         <load_address>0x3558</load_address>
         <readonly>true</readonly>
         <executable>true</executable>
         <run_address>0x3558</run_address>
         <size>0x1c</size>
         <alignment>0x4</alignment>
         <input_file_ref idref="fl-4"/>
      </object_component>
      <object_component id="oc-12d">
         <name>.text.DL_GPIO_initPeripheralOutputFunction</name>
         <load_address>0x3574</load_address>
         <readonly>true</readonly>
         <executable>true</executable>
         <run_address>0x3574</run_address>
         <size>0x1c</size>
         <alignment>0x4</alignment>
         <input_file_ref idref="fl-4"/>
      </object_component>
      <object_component id="oc-133">
         <name>.text.DL_GPIO_setLowerPinsPolarity</name>
         <load_address>0x3590</load_address>
         <readonly>true</readonly>
         <executable>true</executable>
         <run_address>0x3590</run_address>
         <size>0x1c</size>
         <alignment>0x4</alignment>
         <input_file_ref idref="fl-4"/>
      </object_component>
      <object_component id="oc-dd">
         <name>.text.DL_I2C_getSDAStatus</name>
         <load_address>0x35ac</load_address>
         <readonly>true</readonly>
         <executable>true</executable>
         <run_address>0x35ac</run_address>
         <size>0x1c</size>
         <alignment>0x4</alignment>
         <input_file_ref idref="fl-8"/>
      </object_component>
      <object_component id="oc-1df">
         <name>.text.DL_I2C_isControllerRXFIFOEmpty</name>
         <load_address>0x35c8</load_address>
         <readonly>true</readonly>
         <executable>true</executable>
         <run_address>0x35c8</run_address>
         <size>0x1c</size>
         <alignment>0x4</alignment>
         <input_file_ref idref="fl-9"/>
      </object_component>
      <object_component id="oc-64">
         <name>.text.DL_Interrupt_getPendingGroup</name>
         <load_address>0x35e4</load_address>
         <readonly>true</readonly>
         <executable>true</executable>
         <run_address>0x35e4</run_address>
         <size>0x1c</size>
         <alignment>0x4</alignment>
         <input_file_ref idref="fl-3"/>
      </object_component>
      <object_component id="oc-13a">
         <name>.text.DL_SYSCTL_setSYSOSCFreq</name>
         <load_address>0x3600</load_address>
         <readonly>true</readonly>
         <executable>true</executable>
         <run_address>0x3600</run_address>
         <size>0x1c</size>
         <alignment>0x4</alignment>
         <input_file_ref idref="fl-4"/>
      </object_component>
      <object_component id="oc-143">
         <name>.text.DL_SYSCTL_setULPCLKDivider</name>
         <load_address>0x361c</load_address>
         <readonly>true</readonly>
         <executable>true</executable>
         <run_address>0x361c</run_address>
         <size>0x1c</size>
         <alignment>0x4</alignment>
         <input_file_ref idref="fl-4"/>
      </object_component>
      <object_component id="oc-150">
         <name>.text.DL_Timer_setCaptCompUpdateMethod</name>
         <load_address>0x3638</load_address>
         <readonly>true</readonly>
         <executable>true</executable>
         <run_address>0x3638</run_address>
         <size>0x1c</size>
         <alignment>0x4</alignment>
         <input_file_ref idref="fl-1d"/>
      </object_component>
      <object_component id="oc-147">
         <name>.text.DL_Timer_setClockConfig</name>
         <load_address>0x3654</load_address>
         <readonly>true</readonly>
         <executable>true</executable>
         <run_address>0x3654</run_address>
         <size>0x1c</size>
         <alignment>0x4</alignment>
         <input_file_ref idref="fl-1d"/>
      </object_component>
      <object_component id="oc-98">
         <name>.text.Interrupt_Init</name>
         <load_address>0x3670</load_address>
         <readonly>true</readonly>
         <executable>true</executable>
         <run_address>0x3670</run_address>
         <size>0x1c</size>
         <alignment>0x4</alignment>
         <input_file_ref idref="fl-b"/>
      </object_component>
      <object_component id="oc-ee">
         <name>.text.dmp_load_motion_driver_firmware</name>
         <load_address>0x368c</load_address>
         <readonly>true</readonly>
         <executable>true</executable>
         <run_address>0x368c</run_address>
         <size>0x1c</size>
         <alignment>0x4</alignment>
         <input_file_ref idref="fl-7"/>
      </object_component>
      <object_component id="oc-1b0">
         <name>.text.DL_GPIO_enableOutput</name>
         <load_address>0x36a8</load_address>
         <readonly>true</readonly>
         <executable>true</executable>
         <run_address>0x36a8</run_address>
         <size>0x18</size>
         <alignment>0x4</alignment>
         <input_file_ref idref="fl-9"/>
      </object_component>
      <object_component id="oc-12e">
         <name>.text.DL_GPIO_enableOutput</name>
         <load_address>0x36c0</load_address>
         <readonly>true</readonly>
         <executable>true</executable>
         <run_address>0x36c0</run_address>
         <size>0x18</size>
         <alignment>0x4</alignment>
         <input_file_ref idref="fl-4"/>
      </object_component>
      <object_component id="oc-126">
         <name>.text.DL_GPIO_enablePower</name>
         <load_address>0x36d8</load_address>
         <readonly>true</readonly>
         <executable>true</executable>
         <run_address>0x36d8</run_address>
         <size>0x18</size>
         <alignment>0x4</alignment>
         <input_file_ref idref="fl-4"/>
      </object_component>
      <object_component id="oc-65">
         <name>.text.DL_GPIO_getEnabledInterruptStatus</name>
         <load_address>0x36f0</load_address>
         <readonly>true</readonly>
         <executable>true</executable>
         <run_address>0x36f0</run_address>
         <size>0x18</size>
         <alignment>0x4</alignment>
         <input_file_ref idref="fl-3"/>
      </object_component>
      <object_component id="oc-1ae">
         <name>.text.DL_GPIO_initDigitalOutput</name>
         <load_address>0x3708</load_address>
         <readonly>true</readonly>
         <executable>true</executable>
         <run_address>0x3708</run_address>
         <size>0x18</size>
         <alignment>0x4</alignment>
         <input_file_ref idref="fl-9"/>
      </object_component>
      <object_component id="oc-132">
         <name>.text.DL_GPIO_initDigitalOutput</name>
         <load_address>0x3720</load_address>
         <readonly>true</readonly>
         <executable>true</executable>
         <run_address>0x3720</run_address>
         <size>0x18</size>
         <alignment>0x4</alignment>
         <input_file_ref idref="fl-4"/>
      </object_component>
      <object_component id="oc-123">
         <name>.text.DL_GPIO_reset</name>
         <load_address>0x3738</load_address>
         <readonly>true</readonly>
         <executable>true</executable>
         <run_address>0x3738</run_address>
         <size>0x18</size>
         <alignment>0x4</alignment>
         <input_file_ref idref="fl-4"/>
      </object_component>
      <object_component id="oc-105">
         <name>.text.DL_GPIO_setPins</name>
         <load_address>0x3750</load_address>
         <readonly>true</readonly>
         <executable>true</executable>
         <run_address>0x3750</run_address>
         <size>0x18</size>
         <alignment>0x4</alignment>
         <input_file_ref idref="fl-2"/>
      </object_component>
      <object_component id="oc-168">
         <name>.text.DL_GPIO_setPins</name>
         <load_address>0x3768</load_address>
         <readonly>true</readonly>
         <executable>true</executable>
         <run_address>0x3768</run_address>
         <size>0x18</size>
         <alignment>0x4</alignment>
         <input_file_ref idref="fl-9"/>
      </object_component>
      <object_component id="oc-1d9">
         <name>.text.DL_GPIO_setPins</name>
         <load_address>0x3780</load_address>
         <readonly>true</readonly>
         <executable>true</executable>
         <run_address>0x3780</run_address>
         <size>0x18</size>
         <alignment>0x4</alignment>
         <input_file_ref idref="fl-c"/>
      </object_component>
      <object_component id="oc-134">
         <name>.text.DL_GPIO_setUpperPinsPolarity</name>
         <load_address>0x3798</load_address>
         <readonly>true</readonly>
         <executable>true</executable>
         <run_address>0x3798</run_address>
         <size>0x18</size>
         <alignment>0x2</alignment>
         <input_file_ref idref="fl-4"/>
      </object_component>
      <object_component id="oc-1b7">
         <name>.text.DL_I2C_clearInterruptStatus</name>
         <load_address>0x37b0</load_address>
         <readonly>true</readonly>
         <executable>true</executable>
         <run_address>0x37b0</run_address>
         <size>0x18</size>
         <alignment>0x4</alignment>
         <input_file_ref idref="fl-9"/>
      </object_component>
      <object_component id="oc-15d">
         <name>.text.DL_I2C_enableAnalogGlitchFilter</name>
         <load_address>0x37c8</load_address>
         <readonly>true</readonly>
         <executable>true</executable>
         <run_address>0x37c8</run_address>
         <size>0x18</size>
         <alignment>0x2</alignment>
         <input_file_ref idref="fl-4"/>
      </object_component>
      <object_component id="oc-163">
         <name>.text.DL_I2C_enableController</name>
         <load_address>0x37e0</load_address>
         <readonly>true</readonly>
         <executable>true</executable>
         <run_address>0x37e0</run_address>
         <size>0x18</size>
         <alignment>0x4</alignment>
         <input_file_ref idref="fl-4"/>
      </object_component>
      <object_component id="oc-162">
         <name>.text.DL_I2C_enableControllerClockStretching</name>
         <load_address>0x37f8</load_address>
         <readonly>true</readonly>
         <executable>true</executable>
         <run_address>0x37f8</run_address>
         <size>0x18</size>
         <alignment>0x4</alignment>
         <input_file_ref idref="fl-4"/>
      </object_component>
      <object_component id="oc-1b4">
         <name>.text.DL_I2C_enablePower</name>
         <load_address>0x3810</load_address>
         <readonly>true</readonly>
         <executable>true</executable>
         <run_address>0x3810</run_address>
         <size>0x18</size>
         <alignment>0x4</alignment>
         <input_file_ref idref="fl-9"/>
      </object_component>
      <object_component id="oc-128">
         <name>.text.DL_I2C_enablePower</name>
         <load_address>0x3828</load_address>
         <readonly>true</readonly>
         <executable>true</executable>
         <run_address>0x3828</run_address>
         <size>0x18</size>
         <alignment>0x4</alignment>
         <input_file_ref idref="fl-4"/>
      </object_component>
      <object_component id="oc-1bb">
         <name>.text.DL_I2C_getRawInterruptStatus</name>
         <load_address>0x3840</load_address>
         <readonly>true</readonly>
         <executable>true</executable>
         <run_address>0x3840</run_address>
         <size>0x18</size>
         <alignment>0x4</alignment>
         <input_file_ref idref="fl-9"/>
      </object_component>
      <object_component id="oc-1ad">
         <name>.text.DL_I2C_reset</name>
         <load_address>0x3858</load_address>
         <readonly>true</readonly>
[...]
      </symbol>
      <symbol id="sm-14e">
         <name>TIMG6_IRQHandler</name>
         <value>0x3b3f</value>
         <object_component_ref idref="oc-33"/>
      </symbol>
      <symbol id="sm-14f">
         <name>TIMA0_IRQHandler</name>
         <value>0x3b3f</value>
         <object_component_ref idref="oc-33"/>
      </symbol>
      <symbol id="sm-150">
         <name>TIMA1_IRQHandler</name>
         <value>0x3b3f</value>
         <object_component_ref idref="oc-33"/>
      </symbol>
      <symbol id="sm-151">
         <name>TIMG7_IRQHandler</name>
         <value>0x3b3f</value>
         <object_component_ref idref="oc-33"/>
      </symbol>
      <symbol id="sm-152">
         <name>TIMG12_IRQHandler</name>
         <value>0x3b3f</value>
         <object_component_ref idref="oc-33"/>
      </symbol>
      <symbol id="sm-153">
         <name>I2C0_IRQHandler</name>
         <value>0x3b3f</value>
         <object_component_ref idref="oc-33"/>
      </symbol>
      <symbol id="sm-154">
         <name>I2C1_IRQHandler</name>
         <value>0x3b3f</value>
         <object_component_ref idref="oc-33"/>
      </symbol>
      <symbol id="sm-155">
         <name>AES_IRQHandler</name>
         <value>0x3b3f</value>
         <object_component_ref idref="oc-33"/>
      </symbol>
      <symbol id="sm-156">
         <name>RTC_IRQHandler</name>
         <value>0x3b3f</value>
         <object_component_ref idref="oc-33"/>
      </symbol>
      <symbol id="sm-157">
         <name>DMA_IRQHandler</name>
         <value>0x3b3f</value>
         <object_component_ref idref="oc-33"/>
      </symbol>
      <symbol id="sm-1a0">
         <name>mpu_init</name>
         <value>0xe5d</value>
         <object_component_ref idref="oc-e3"/>
      </symbol>
      <symbol id="sm-1a1">
         <name>mpu_set_gyro_fsr</name>
         <value>0x1b29</value>
         <object_component_ref idref="oc-16e"/>
      </symbol>
      <symbol id="sm-1a2">
         <name>mpu_set_accel_fsr</name>
         <value>0x17c5</value>
         <object_component_ref idref="oc-16f"/>
      </symbol>
      <symbol id="sm-1a3">
         <name>mpu_set_lpf</name>
         <value>0x1a59</value>
         <object_component_ref idref="oc-170"/>
      </symbol>
      <symbol id="sm-1a4">
         <name>mpu_set_sample_rate</name>
         <value>0x16d9</value>
         <object_component_ref idref="oc-ea"/>
      </symbol>
      <symbol id="sm-1a5">
         <name>mpu_configure_fifo</name>
         <value>0x1cb1</value>
         <object_component_ref idref="oc-e9"/>
      </symbol>
      <symbol id="sm-1a6">
         <name>mpu_set_bypass</name>
         <value>0x79d</value>
         <object_component_ref idref="oc-171"/>
      </symbol>
      <symbol id="sm-1a7">
         <name>mpu_set_sensors</name>
         <value>0xd2d</value>
         <object_component_ref idref="oc-e8"/>
      </symbol>
      <symbol id="sm-1a8">
         <name>mpu_lp_accel_mode</name>
         <value>0x13e9</value>
         <object_component_ref idref="oc-178"/>
      </symbol>
      <symbol id="sm-1a9">
         <name>mpu_reset_fifo</name>
         <value>0x571</value>
         <object_component_ref idref="oc-177"/>
      </symbol>
      <symbol id="sm-1aa">
         <name>mpu_set_int_latched</name>
         <value>0x1f7d</value>
         <object_component_ref idref="oc-175"/>
      </symbol>
      <symbol id="sm-1ab">
         <name>mpu_get_gyro_fsr</name>
         <value>0x2851</value>
         <object_component_ref idref="oc-ec"/>
      </symbol>
      <symbol id="sm-1ac">
         <name>mpu_get_accel_fsr</name>
         <value>0x25dd</value>
         <object_component_ref idref="oc-ed"/>
      </symbol>
      <symbol id="sm-1ad">
         <name>mpu_get_sample_rate</name>
         <value>0x304d</value>
         <object_component_ref idref="oc-eb"/>
      </symbol>
      <symbol id="sm-1ae">
         <name>mpu_set_dmp_state</name>
         <value>0x1d6d</value>
         <object_component_ref idref="oc-f9"/>
      </symbol>
      <symbol id="sm-1af">
         <name>test</name>
         <value>0x4f88</value>
         <object_component_ref idref="oc-1bf"/>
      </symbol>
      <symbol id="sm-1b0">
         <name>mpu_write_mem</name>
         <value>0x1ed1</value>
         <object_component_ref idref="oc-17e"/>
      </symbol>
      <symbol id="sm-1b1">
         <name>mpu_read_mem</name>
         <value>0x1e25</value>
         <object_component_ref idref="oc-1c0"/>
      </symbol>
      <symbol id="sm-1b2">
         <name>mpu_load_firmware</name>
         <value>0x10a9</value>
         <object_component_ref idref="oc-179"/>
      </symbol>
      <symbol id="sm-1b3">
         <name>reg</name>
         <value>0x4fb0</value>
         <object_component_ref idref="oc-1bd"/>
      </symbol>
      <symbol id="sm-1b4">
         <name>hw</name>
         <value>0x4fce</value>
         <object_component_ref idref="oc-1be"/>
      </symbol>
      <symbol id="sm-1ed">
         <name>dmp_load_motion_driver_firmware</name>
         <value>0x368d</value>
         <object_component_ref idref="oc-ee"/>
      </symbol>
      <symbol id="sm-1ee">
         <name>dmp_set_orientation</name>
         <value>0x93d</value>
         <object_component_ref idref="oc-f4"/>
      </symbol>
      <symbol id="sm-1ef">
         <name>dmp_set_fifo_rate</name>
         <value>0x2019</value>
         <object_component_ref idref="oc-f8"/>
      </symbol>
      <symbol id="sm-1f0">
         <name>dmp_set_tap_thresh</name>
         <value>0x339</value>
         <object_component_ref idref="oc-181"/>
      </symbol>
      <symbol id="sm-1f1">
         <name>dmp_set_tap_axes</name>
         <value>0x272b</value>
         <object_component_ref idref="oc-182"/>
      </symbol>
      <symbol id="sm-1f2">
         <name>dmp_set_tap_count</name>
         <value>0x2d0d</value>
         <object_component_ref idref="oc-183"/>
      </symbol>
      <symbol id="sm-1f3">
         <name>dmp_set_tap_time</name>
         <value>0x3175</value>
         <object_component_ref idref="oc-184"/>
      </symbol>
      <symbol id="sm-1f4">
         <name>dmp_set_tap_time_multi</name>
         <value>0x31a5</value>
         <object_component_ref idref="oc-185"/>
      </symbol>
      <symbol id="sm-1f5">
         <name>dmp_set_shake_reject_thresh</name>
         <value>0x2cc9</value>
         <object_component_ref idref="oc-186"/>
      </symbol>
      <symbol id="sm-1f6">
         <name>dmp_set_shake_reject_time</name>
         <value>0x3081</value>
         <object_component_ref idref="oc-187"/>
      </symbol>
      <symbol id="sm-1f7">
         <name>dmp_set_shake_reject_timeout</name>
         <value>0x30b3</value>
         <object_component_ref idref="oc-188"/>
      </symbol>
      <symbol id="sm-1f8">
         <name>dmp_enable_feature</name>
         <value>0xc1</value>
         <object_component_ref idref="oc-f7"/>
      </symbol>
      <symbol id="sm-1f9">
         <name>dmp_enable_gyro_cal</name>
         <value>0x2791</value>
         <object_component_ref idref="oc-180"/>
      </symbol>
      <symbol id="sm-1fa">
         <name>dmp_enable_lp_quat</name>
         <value>0x2bf5</value>
         <object_component_ref idref="oc-189"/>
      </symbol>
      <symbol id="sm-1fb">
         <name>dmp_enable_6x_lp_quat</name>
         <value>0x2bad</value>
         <object_component_ref idref="oc-18a"/>
      </symbol>
      <symbol id="sm-1fc">
         <name>dmp_register_tap_cb</name>
         <value>0x3a95</value>
         <object_component_ref idref="oc-f5"/>
      </symbol>
      <symbol id="sm-1fd">
         <name>dmp_register_android_orient_cb</name>
         <value>0x3a81</value>
         <object_component_ref idref="oc-f6"/>
      </symbol>
      <symbol id="sm-21b">
         <name>MPU6050_Init</name>
         <value>0xab5</value>
         <object_component_ref idref="oc-9a"/>
      </symbol>
      <symbol id="sm-277">
         <name>mpu6050_i2c_sda_unlock</name>
         <value>0x27f1</value>
         <object_component_ref idref="oc-de"/>
      </symbol>
      <symbol id="sm-278">
         <name>mspm0_i2c_write</name>
         <value>0x1bed</value>
         <object_component_ref idref="oc-16d"/>
      </symbol>
      <symbol id="sm-279">
         <name>mspm0_i2c_read</name>
         <value>0xbf9</value>
         <object_component_ref idref="oc-1bc"/>
      </symbol>
      <symbol id="sm-291">
         <name>mspm0_delay_ms</name>
         <value>0x31d5</value>
         <object_component_ref idref="oc-167"/>
      </symbol>
      <symbol id="sm-292">
         <name>tick_ms</name>
         <value>0x20200064</value>
      </symbol>
      <symbol id="sm-293">
         <name>start_time</name>
         <value>0x20200060</value>
      </symbol>
      <symbol id="sm-294">
         <name>mspm0_get_clock_ms</name>
         <value>0x32b9</value>
         <object_component_ref idref="oc-1b5"/>
      </symbol>
      <symbol id="sm-295">
         <name>SysTick_Init</name>
         <value>0x3949</value>
         <object_component_ref idref="oc-96"/>
      </symbol>
      <symbol id="sm-2a6">
         <name>Interrupt_Init</name>
         <value>0x3671</value>
         <object_component_ref idref="oc-98"/>
      </symbol>
      <symbol id="sm-2a7">
         <name>enable_group1_irq</name>
         <value>0x20200053</value>
         <object_component_ref idref="oc-da"/>
      </symbol>
      <symbol id="sm-2a8">
         <name>SysTick_Handler</name>
         <value>0x3aed</value>
         <object_component_ref idref="oc-34"/>
      </symbol>
      <symbol id="sm-2da">
         <name>delay_ms</name>
         <value>0x3afd</value>
         <object_component_ref idref="oc-100"/>
      </symbol>
      <symbol id="sm-2db">
         <name>OLED_WR_Byte</name>
         <value>0x2b15</value>
         <object_component_ref idref="oc-101"/>
      </symbol>
      <symbol id="sm-2dc">
         <name>I2C_Start</name>
         <value>0x2f75</value>
         <object_component_ref idref="oc-18b"/>
      </symbol>
      <symbol id="sm-2dd">
         <name>Send_Byte</name>
         <value>0x246d</value>
         <object_component_ref idref="oc-18c"/>
      </symbol>
      <symbol id="sm-2de">
         <name>I2C_WaitAck</name>
         <value>0x3115</value>
         <object_component_ref idref="oc-18d"/>
      </symbol>
      <symbol id="sm-2df">
         <name>I2C_Stop</name>
         <value>0x30e5</value>
         <object_component_ref idref="oc-18e"/>
      </symbol>
      <symbol id="sm-2e0">
         <name>OLED_Set_Pos</name>
         <value>0x2ec1</value>
         <object_component_ref idref="oc-195"/>
      </symbol>
      <symbol id="sm-2e1">
         <name>OLED_Clear</name>
         <value>0x26c1</value>
         <object_component_ref idref="oc-102"/>
      </symbol>
      <symbol id="sm-2e2">
         <name>OLED_ShowChar</name>
         <value>0x11cd</value>
         <object_component_ref idref="oc-111"/>
      </symbol>
      <symbol id="sm-2e3">
         <name>asc2_1608</name>
         <value>0x4746</value>
         <object_component_ref idref="oc-196"/>
      </symbol>
      <symbol id="sm-2e4">
         <name>asc2_0806</name>
         <value>0x4d36</value>
         <object_component_ref idref="oc-197"/>
      </symbol>
      <symbol id="sm-2e5">
         <name>oled_pow</name>
         <value>0x3205</value>
         <object_component_ref idref="oc-10c"/>
      </symbol>
      <symbol id="sm-2e6">
         <name>OLED_ShowNum</name>
         <value>0x15e3</value>
         <object_component_ref idref="oc-af"/>
      </symbol>
      <symbol id="sm-2e7">
         <name>OLED_ShowString</name>
         <value>0x2651</value>
         <object_component_ref idref="oc-109"/>
      </symbol>
      <symbol id="sm-2e8">
         <name>OLED_Init</name>
         <value>0x14e9</value>
         <object_component_ref idref="oc-9f"/>
      </symbol>
      <symbol id="sm-2e9">
         <name>OLED_ShowCount</name>
         <value>0x3145</value>
         <object_component_ref idref="oc-ae"/>
      </symbol>
      <symbol id="sm-2ea">
         <name>__TI_ATRegion0_src_addr</name>
         <value>0x0</value>
      </symbol>
      <symbol id="sm-2eb">
         <name>__TI_ATRegion0_trg_addr</name>
         <value>0x0</value>
      </symbol>
      <symbol id="sm-2ec">
         <name>__TI_ATRegion0_region_sz</name>
         <value>0x0</value>
      </symbol>
      <symbol id="sm-2ed">
         <name>__TI_ATRegion1_src_addr</name>
         <value>0x0</value>
      </symbol>
      <symbol id="sm-2ee">
         <name>__TI_ATRegion1_trg_addr</name>
         <value>0x0</value>
      </symbol>
      <symbol id="sm-2ef">
         <name>__TI_ATRegion1_region_sz</name>
         <value>0x0</value>
      </symbol>
      <symbol id="sm-2f0">
         <name>__TI_ATRegion2_src_addr</name>
         <value>0x0</value>
      </symbol>
      <symbol id="sm-2f1">
         <name>__TI_ATRegion2_trg_addr</name>
         <value>0x0</value>
      </symbol>
      <symbol id="sm-2f2">
         <name>__TI_ATRegion2_region_sz</name>
         <value>0x0</value>
      </symbol>
      <symbol id="sm-2fb">
         <name>DL_Common_delayCycles</name>
         <value>0x3b1b</value>
         <object_component_ref idref="oc-129"/>
      </symbol>
      <symbol id="sm-30a">
         <name>DL_I2C_setClockConfig</name>
         <value>0x33fb</value>
         <object_component_ref idref="oc-156"/>
      </symbol>
      <symbol id="sm-30b">
         <name>DL_I2C_fillControllerTXFIFO</name>
         <value>0x28b1</value>
         <object_component_ref idref="oc-1ba"/>
      </symbol>
      <symbol id="sm-30c">
         <name>DL_I2C_flushControllerTXFIFO</name>
         <value>0x2e49</value>
         <object_component_ref idref="oc-1e1"/>
      </symbol>
      <symbol id="sm-323">
         <name>DL_Timer_setClockConfig</name>
         <value>0x3655</value>
         <object_component_ref idref="oc-147"/>
      </symbol>
      <symbol id="sm-324">
         <name>DL_Timer_setCaptureCompareValue</name>
         <value>0x3add</value>
         <object_component_ref idref="oc-151"/>
      </symbol>
      <symbol id="sm-325">
         <name>DL_Timer_setCaptCompUpdateMethod</name>
         <value>0x3639</value>
         <object_component_ref idref="oc-150"/>
      </symbol>
      <symbol id="sm-326">
         <name>DL_Timer_setCaptureCompareOutCtl</name>
         <value>0x38e9</value>
         <object_component_ref idref="oc-14f"/>
      </symbol>
      <symbol id="sm-327">
         <name>DL_Timer_initFourCCPWMMode</name>
         <value>0x12e5</value>
         <object_component_ref idref="oc-14d"/>
      </symbol>
      <symbol id="sm-335">
         <name>DL_SYSCTL_configSYSPLL</name>
         <value>0x18a9</value>
         <object_component_ref idref="oc-13d"/>
      </symbol>
      <symbol id="sm-336">
         <name>DL_SYSCTL_switchMCLKfromSYSOSCtoHSCLK</name>
         <value>0x2c85</value>
         <object_component_ref idref="oc-144"/>
      </symbol>
      <symbol id="sm-347">
         <name>memcmp</name>
         <value>0x34c9</value>
         <object_component_ref idref="oc-1c1"/>
      </symbol>
      <symbol id="sm-353">
         <name>_c_int00_noargs</name>
         <value>0x33ad</value>
         <object_component_ref idref="oc-59"/>
      </symbol>
      <symbol id="sm-354">
         <name>__stack</name>
         <value>0x20207e00</value>
         <object_component_ref idref="oc-1a"/>
      </symbol>
      <symbol id="sm-360">
         <name>__TI_auto_init_nobinit_nopinit</name>
         <value>0x2efd</value>
         <object_component_ref idref="oc-b7"/>
      </symbol>
      <symbol id="sm-368">
         <name>_system_pre_init</name>
         <value>0x3b4b</value>
         <object_component_ref idref="oc-74"/>
      </symbol>
      <symbol id="sm-373">
         <name>__TI_zero_init_nomemset</name>
         <value>0x39a3</value>
         <object_component_ref idref="oc-50"/>
      </symbol>
      <symbol id="sm-37c">
         <name>__TI_decompress_none</name>
         <value>0x3abb</value>
         <object_component_ref idref="oc-20"/>
      </symbol>
      <symbol id="sm-387">
         <name>__TI_decompress_lzss</name>
         <value>0x24e9</value>
         <object_component_ref idref="oc-1c"/>
      </symbol>
      <symbol id="sm-399">
         <name>abort</name>
         <value>0x3b39</value>
         <object_component_ref idref="oc-b0"/>
      </symbol>
      <symbol id="sm-3a9">
         <name>HOSTexit</name>
         <value>0x3b43</value>
         <object_component_ref idref="oc-112"/>
      </symbol>
      <symbol id="sm-3aa">
         <name>C$$EXIT</name>
         <value>0x3b42</value>
         <object_component_ref idref="oc-112"/>
      </symbol>
      <symbol id="sm-3bf">
         <name>__muldsi3</name>
         <value>0x2f39</value>
         <object_component_ref idref="oc-1e7"/>
      </symbol>
      <symbol id="sm-3c5">
         <name>__aeabi_fmul</name>
         <value>0x21d5</value>
         <object_component_ref idref="oc-1cd"/>
      </symbol>
      <symbol id="sm-3c6">
         <name>__mulsf3</name>
         <value>0x21d5</value>
         <object_component_ref idref="oc-1cd"/>
      </symbol>
      <symbol id="sm-3cc">
         <name>__aeabi_fdiv</name>
         <value>0x2369</value>
         <object_component_ref idref="oc-1c9"/>
      </symbol>
      <symbol id="sm-3cd">
         <name>__divsf3</name>
         <value>0x2369</value>
         <object_component_ref idref="oc-1c9"/>
      </symbol>
      <symbol id="sm-3d3">
         <name>__aeabi_f2iz</name>
         <value>0x2fad</value>
         <object_component_ref idref="oc-1d1"/>
      </symbol>
      <symbol id="sm-3d4">
         <name>__fixsfsi</name>
         <value>0x2fad</value>
         <object_component_ref idref="oc-1d1"/>
      </symbol>
      <symbol id="sm-3da">
         <name>__aeabi_ui2f</name>
         <value>0x3385</value>
         <object_component_ref idref="oc-1c5"/>
      </symbol>
      <symbol id="sm-3db">
         <name>__floatunsisf</name>
         <value>0x3385</value>
         <object_component_ref idref="oc-1c5"/>
      </symbol>
      <symbol id="sm-3e1">
         <name>__aeabi_idiv</name>
         <value>0x2a1d</value>
         <object_component_ref idref="oc-1d5"/>
      </symbol>
      <symbol id="sm-3e2">
         <name>__aeabi_idivmod</name>
         <value>0x2a1d</value>
         <object_component_ref idref="oc-1d5"/>
      </symbol>
      <symbol id="sm-3e8">
         <name>__aeabi_memcpy</name>
         <value>0x3b31</value>
         <object_component_ref idref="oc-49"/>
      </symbol>
      <symbol id="sm-3e9">
         <name>__aeabi_memcpy4</name>
         <value>0x3b31</value>
         <object_component_ref idref="oc-49"/>
      </symbol>
      <symbol id="sm-3ea">
         <name>__aeabi_memcpy8</name>
         <value>0x3b31</value>
         <object_component_ref idref="oc-49"/>
      </symbol>
      <symbol id="sm-3f0">
         <name>__aeabi_uidiv</name>
         <value>0x2d51</value>
         <object_component_ref idref="oc-10d"/>
      </symbol>
      <symbol id="sm-3f1">
         <name>__aeabi_uidivmod</name>
         <value>0x2d51</value>
         <object_component_ref idref="oc-10d"/>
      </symbol>
      <symbol id="sm-3fd">
         <name>__aeabi_idiv0</name>
         <value>0x2147</value>
         <object_component_ref idref="oc-18f"/>
      </symbol>
      <symbol id="sm-407">
         <name>TI_memcpy_small</name>
         <value>0x3aa9</value>
         <object_component_ref idref="oc-87"/>
      </symbol>
      <symbol id="sm-408">
         <name>__TI_static_base__</name>
         <value>0x0</value>
      </symbol>
      <symbol id="sm-40b">
         <name>__mpu_init</name>
         <value>0x0</value>
      </symbol>
      <symbol id="sm-40c">
         <name>_system_post_cinit</name>
         <value>0x0</value>
      </symbol>
   </symbol_table>
   <title>Link successful</title>
</link_info>
