******************************************************************************
            TI ARM Clang Linker PC v4.0.3                      
******************************************************************************
>> Linked Sun Jul 20 17:52:25 2025

OUTPUT FILE NAME:   <mspm0-modules.out>
ENTRY POINT SYMBOL: "_c_int00_noargs"  address: 000033ad


MEMORY CONFIGURATION

         name            origin    length      used     unused   attr    fill
----------------------  --------  ---------  --------  --------  ----  --------
  FLASH                 00000000   00020000  00005030  0001afd0  R  X
  SRAM                  20200000   00008000  00000268  00007d98  RW X
  BCR_CONFIG            41c00000   000000ff  00000000  000000ff  R   
  BSL_CONFIG            41c00100   00000080  00000000  00000080  R   


SEGMENT ALLOCATION MAP

run origin  load origin   length   init length attrs members
----------  ----------- ---------- ----------- ----- -------
00000000    00000000    00005030   00005030    r-x
  00000000    00000000    000000c0   000000c0    r-- .intvecs
  000000c0    000000c0    00003a90   00003a90    r-x .text
  00003b50    00003b50    000014a0   000014a0    r-- .rodata
  00004ff0    00004ff0    00000040   00000040    r-- .cinit
20200000    20200000    00000068   00000000    rw-
  20200000    20200000    00000060   00000000    rw- .data
  20200060    20200060    00000008   00000000    rw- .bss
20207e00    20207e00    00000200   00000000    rw-
  20207e00    20207e00    00000200   00000000    rw- .stack


SECTION ALLOCATION MAP

 output                                  attributes/
section   page    origin      length       input sections
--------  ----  ----------  ----------   ----------------
.intvecs   0    00000000    000000c0     
                  00000000    000000c0     startup_mspm0g350x_ticlang.o (.intvecs)

.text      0    000000c0    00003a90     
                  000000c0    00000278     inv_mpu_dmp_motion_driver.o (.text.dmp_enable_feature)
                  00000338    00000238     inv_mpu_dmp_motion_driver.o (.text.dmp_set_tap_thresh)
                  00000570    0000022c     inv_mpu.o (.text.mpu_reset_fifo)
                  0000079c    000001a0     inv_mpu.o (.text.mpu_set_bypass)
                  0000093c    00000178     inv_mpu_dmp_motion_driver.o (.text.dmp_set_orientation)
                  00000ab4    00000144     mpu6050.o (.text.MPU6050_Init)
                  00000bf8    00000134     mspm0_i2c.o (.text.mspm0_i2c_read)
                  00000d2c    00000130     inv_mpu.o (.text.mpu_set_sensors)
                  00000e5c    00000128     inv_mpu.o (.text.mpu_init)
                  00000f84    00000124     ti_msp_dl_config.o (.text.SYSCFG_DL_GPIO_init)
                  000010a8    00000124     inv_mpu.o (.text.mpu_load_firmware)
                  000011cc    00000118     oled_software_i2c.o (.text.OLED_ShowChar)
                  000012e4    00000104     driverlib.a : dl_timer.o (.text.DL_Timer_initFourCCPWMMode)
                  000013e8    00000100     inv_mpu.o (.text.mpu_lp_accel_mode)
                  000014e8    000000fa     oled_software_i2c.o (.text.OLED_Init)
                  000015e2    000000f6     oled_software_i2c.o (.text.OLED_ShowNum)
                  000016d8    000000ec     inv_mpu.o (.text.mpu_set_sample_rate)
                  000017c4    000000e4     inv_mpu.o (.text.mpu_set_accel_fsr)
                  000018a8    000000dc     driverlib.a : dl_sysctl_mspm0g1x0x_g3x0x.o (.text.DL_SYSCTL_configSYSPLL)
                  00001984    000000d4     inv_mpu.o (.text.set_int_enable)
                  00001a58    000000d0     inv_mpu.o (.text.mpu_set_lpf)
                  00001b28    000000c4     inv_mpu.o (.text.mpu_set_gyro_fsr)
                  00001bec    000000c4     mspm0_i2c.o (.text.mspm0_i2c_write)
                  00001cb0    000000bc     inv_mpu.o (.text.mpu_configure_fifo)
                  00001d6c    000000b8     inv_mpu.o (.text.mpu_set_dmp_state)
                  00001e24    000000ac     inv_mpu.o (.text.mpu_read_mem)
                  00001ed0    000000ac     inv_mpu.o (.text.mpu_write_mem)
                  00001f7c    0000009c     inv_mpu.o (.text.mpu_set_int_latched)
                  00002018    00000098     inv_mpu_dmp_motion_driver.o (.text.dmp_set_fifo_rate)
                  000020b0    00000096     mpu6050.o (.text.inv_row_2_scale)
                  00002146    00000002     libclang_rt.builtins.a : aeabi_div0.c.obj (.text.__aeabi_idiv0)
                  00002148    0000008c     ti_msp_dl_config.o (.text.SYSCFG_DL_Motor_init)
                  000021d4    0000008c     libclang_rt.builtins.a : mulsf3.S.obj (.text.__mulsf3)
                  00002260    00000084     clock.o (.text.__NVIC_SetPriority)
                  000022e4    00000084     ti_msp_dl_config.o (.text.__NVIC_SetPriority)
                  00002368    00000082     libclang_rt.builtins.a : divsf3.S.obj (.text.__divsf3)
                  000023ea    00000002     --HOLE-- [fill = 0]
                  000023ec    00000080     main.o (.text.GROUP1_IRQHandler)
                  0000246c    0000007c     oled_software_i2c.o (.text.Send_Byte)
                  000024e8    0000007c     libc.a : copy_decompress_lzss.c.obj (.text:decompress:lzss)
                  00002564    00000078     main.o (.text.main)
                  000025dc    00000074     inv_mpu.o (.text.mpu_get_accel_fsr)
                  00002650    00000070     oled_software_i2c.o (.text.OLED_ShowString)
                  000026c0    0000006a     oled_software_i2c.o (.text.OLED_Clear)
                  0000272a    00000066     inv_mpu_dmp_motion_driver.o (.text.dmp_set_tap_axes)
                  00002790    00000060     inv_mpu_dmp_motion_driver.o (.text.dmp_enable_gyro_cal)
                  000027f0    00000060     mspm0_i2c.o (.text.mpu6050_i2c_sda_unlock)
                  00002850    00000060     inv_mpu.o (.text.mpu_get_gyro_fsr)
                  000028b0    0000005e     driverlib.a : dl_i2c.o (.text.DL_I2C_fillControllerTXFIFO)
                  0000290e    00000002     --HOLE-- [fill = 0]
                  00002910    0000005c     mspm0_i2c.o (.text.mspm0_i2c_enable)
                  0000296c    00000058     ti_msp_dl_config.o (.text.SYSCFG_DL_I2C_MPU6050_init)
                  000029c4    00000058     ti_msp_dl_config.o (.text.SYSCFG_DL_initPower)
                  00002a1c    00000056     libclang_rt.builtins.a : aeabi_idivmod.S.obj (.text.__aeabi_idivmod)
                  00002a72    00000002     --HOLE-- [fill = 0]
                  00002a74    00000050     mspm0_i2c.o (.text.DL_I2C_startControllerTransfer)
                  00002ac4    00000050     clock.o (.text.SysTick_Config)
                  00002b14    0000004e     oled_software_i2c.o (.text.OLED_WR_Byte)
                  00002b62    00000002     --HOLE-- [fill = 0]
                  00002b64    00000048     ti_msp_dl_config.o (.text.SYSCFG_DL_SYSCTL_init)
                  00002bac    00000048     inv_mpu_dmp_motion_driver.o (.text.dmp_enable_6x_lp_quat)
                  00002bf4    00000048     inv_mpu_dmp_motion_driver.o (.text.dmp_enable_lp_quat)
                  00002c3c    00000048     mspm0_i2c.o (.text.mspm0_i2c_disable)
                  00002c84    00000044     driverlib.a : dl_sysctl_mspm0g1x0x_g3x0x.o (.text.DL_SYSCTL_switchMCLKfromSYSOSCtoHSCLK)
                  00002cc8    00000044     inv_mpu_dmp_motion_driver.o (.text.dmp_set_shake_reject_thresh)
                  00002d0c    00000044     inv_mpu_dmp_motion_driver.o (.text.dmp_set_tap_count)
                  00002d50    00000040     libclang_rt.builtins.a : aeabi_uidivmod.S.obj (.text.__aeabi_uidivmod)
                  00002d90    0000003e     mpu6050.o (.text.inv_orientation_matrix_to_scalar)
                  00002dce    00000002     --HOLE-- [fill = 0]
                  00002dd0    0000003c     mspm0_i2c.o (.text.DL_GPIO_initPeripheralInputFunctionFeatures)
                  00002e0c    0000003c     ti_msp_dl_config.o (.text.DL_GPIO_initPeripheralInputFunctionFeatures)
                  00002e48    0000003c     driverlib.a : dl_i2c.o (.text.DL_I2C_flushControllerTXFIFO)
                  00002e84    0000003c     ti_msp_dl_config.o (.text.DL_Timer_setCounterControl)
                  00002ec0    0000003c     oled_software_i2c.o (.text.OLED_Set_Pos)
                  00002efc    0000003c     libc.a : autoinit.c.obj (.text:__TI_auto_init_nobinit_nopinit)
                  00002f38    0000003a     libclang_rt.builtins.a : muldsi3.S.obj (.text.__muldsi3)
                  00002f72    00000002     --HOLE-- [fill = 0]
                  00002f74    00000038     oled_software_i2c.o (.text.I2C_Start)
                  00002fac    00000038     libclang_rt.builtins.a : fixsfsi.S.obj (.text.__fixsfsi)
                  00002fe4    00000034     mspm0_i2c.o (.text.DL_GPIO_initDigitalInputFeatures)
                  00003018    00000034     ti_msp_dl_config.o (.text.DL_GPIO_initDigitalInputFeatures)
                  0000304c    00000034     inv_mpu.o (.text.mpu_get_sample_rate)
                  00003080    00000032     inv_mpu_dmp_motion_driver.o (.text.dmp_set_shake_reject_time)
                  000030b2    00000032     inv_mpu_dmp_motion_driver.o (.text.dmp_set_shake_reject_timeout)
                  000030e4    00000030     oled_software_i2c.o (.text.I2C_Stop)
                  00003114    00000030     oled_software_i2c.o (.text.I2C_WaitAck)
                  00003144    00000030     oled_software_i2c.o (.text.OLED_ShowCount)
                  00003174    00000030     inv_mpu_dmp_motion_driver.o (.text.dmp_set_tap_time)
                  000031a4    00000030     inv_mpu_dmp_motion_driver.o (.text.dmp_set_tap_time_multi)
                  000031d4    00000030     clock.o (.text.mspm0_delay_ms)
                  00003204    00000030     oled_software_i2c.o (.text.oled_pow)
                  00003234    0000002c     main.o (.text.__NVIC_ClearPendingIRQ)
                  00003260    0000002c     interrupt.o (.text.__NVIC_EnableIRQ)
                  0000328c    0000002c     main.o (.text.__NVIC_EnableIRQ)
                  000032b8    0000002c     clock.o (.text.mspm0_get_clock_ms)
                  000032e4    00000028     mspm0_i2c.o (.text.DL_Common_updateReg)
                  0000330c    00000028     ti_msp_dl_config.o (.text.DL_Common_updateReg)
                  00003334    00000028     ti_msp_dl_config.o (.text.DL_I2C_setControllerRXFIFOThreshold)
                  0000335c    00000028     ti_msp_dl_config.o (.text.DL_I2C_setControllerTXFIFOThreshold)
                  00003384    00000028     libclang_rt.builtins.a : floatunsisf.S.obj (.text.__floatunsisf)
                  000033ac    00000028     libc.a : boot_cortex_m.c.obj (.text:_c_int00_noargs)
                  000033d4    00000026     ti_msp_dl_config.o (.text.DL_I2C_setAnalogGlitchFilterPulseWidth)
                  000033fa    00000026     driverlib.a : dl_i2c.o (.text.DL_I2C_setClockConfig)
                  00003420    00000024     Motor.o (.text.Motor2_Off)
                  00003444    00000024     Motor.o (.text.Motor2_On)
                  00003468    00000020     ti_msp_dl_config.o (.text.DL_SYSCTL_setFlashWaitState)
                  00003488    00000020     Motor.o (.text.Motor1_Off)
                  000034a8    00000020     Motor.o (.text.Motor1_On)
                  000034c8    00000020     libc.a : memcmp.c.obj (.text.memcmp)
                  000034e8    0000001c     main.o (.text.DL_GPIO_clearInterruptStatus)
                  00003504    0000001c     ti_msp_dl_config.o (.text.DL_GPIO_clearInterruptStatus)
                  00003520    0000001c     mspm0_i2c.o (.text.DL_GPIO_enableHiZ)
                  0000353c    0000001c     ti_msp_dl_config.o (.text.DL_GPIO_enableHiZ)
                  00003558    0000001c     ti_msp_dl_config.o (.text.DL_GPIO_enableInterrupt)
                  00003574    0000001c     ti_msp_dl_config.o (.text.DL_GPIO_initPeripheralOutputFunction)
                  00003590    0000001c     ti_msp_dl_config.o (.text.DL_GPIO_setLowerPinsPolarity)
                  000035ac    0000001c     mpu6050.o (.text.DL_I2C_getSDAStatus)
                  000035c8    0000001c     mspm0_i2c.o (.text.DL_I2C_isControllerRXFIFOEmpty)
                  000035e4    0000001c     main.o (.text.DL_Interrupt_getPendingGroup)
                  00003600    0000001c     ti_msp_dl_config.o (.text.DL_SYSCTL_setSYSOSCFreq)
                  0000361c    0000001c     ti_msp_dl_config.o (.text.DL_SYSCTL_setULPCLKDivider)
                  00003638    0000001c     driverlib.a : dl_timer.o (.text.DL_Timer_setCaptCompUpdateMethod)
                  00003654    0000001c                 : dl_timer.o (.text.DL_Timer_setClockConfig)
                  00003670    0000001c     interrupt.o (.text.Interrupt_Init)
                  0000368c    0000001c     inv_mpu_dmp_motion_driver.o (.text.dmp_load_motion_driver_firmware)
                  000036a8    00000018     mspm0_i2c.o (.text.DL_GPIO_enableOutput)
                  000036c0    00000018     ti_msp_dl_config.o (.text.DL_GPIO_enableOutput)
                  000036d8    00000018     ti_msp_dl_config.o (.text.DL_GPIO_enablePower)
                  000036f0    00000018     main.o (.text.DL_GPIO_getEnabledInterruptStatus)
                  00003708    00000018     mspm0_i2c.o (.text.DL_GPIO_initDigitalOutput)
                  00003720    00000018     ti_msp_dl_config.o (.text.DL_GPIO_initDigitalOutput)
                  00003738    00000018     ti_msp_dl_config.o (.text.DL_GPIO_reset)
                  00003750    00000018     Motor.o (.text.DL_GPIO_setPins)
                  00003768    00000018     mspm0_i2c.o (.text.DL_GPIO_setPins)
                  00003780    00000018     oled_software_i2c.o (.text.DL_GPIO_setPins)
                  00003798    00000018     ti_msp_dl_config.o (.text.DL_GPIO_setUpperPinsPolarity)
                  000037b0    00000018     mspm0_i2c.o (.text.DL_I2C_clearInterruptStatus)
                  000037c8    00000018     ti_msp_dl_config.o (.text.DL_I2C_enableAnalogGlitchFilter)
                  000037e0    00000018     ti_msp_dl_config.o (.text.DL_I2C_enableController)
                  000037f8    00000018     ti_msp_dl_config.o (.text.DL_I2C_enableControllerClockStretching)
                  00003810    00000018     mspm0_i2c.o (.text.DL_I2C_enablePower)
                  00003828    00000018     ti_msp_dl_config.o (.text.DL_I2C_enablePower)
                  00003840    00000018     mspm0_i2c.o (.text.DL_I2C_getRawInterruptStatus)
                  00003858    00000018     mspm0_i2c.o (.text.DL_I2C_reset)
                  00003870    00000018     ti_msp_dl_config.o (.text.DL_I2C_reset)
                  00003888    00000018     ti_msp_dl_config.o (.text.DL_I2C_setTimerPeriod)
                  000038a0    00000018     ti_msp_dl_config.o (.text.DL_SYSCTL_setBORThreshold)
                  000038b8    00000018     ti_msp_dl_config.o (.text.DL_Timer_enablePower)
                  000038d0    00000018     ti_msp_dl_config.o (.text.DL_Timer_reset)
                  000038e8    00000018     driverlib.a : dl_timer.o (.text.DL_Timer_setCaptureCompareOutCtl)
                  00003900    00000018     main.o (.text.DL_Timer_startCounter)
                  00003918    00000018     main.o (.text.OLED_ShowInit)
                  00003930    00000018     ti_msp_dl_config.o (.text.SYSCFG_DL_init)
                  00003948    00000018     clock.o (.text.SysTick_Init)
                  00003960    00000016     mspm0_i2c.o (.text.DL_GPIO_readPins)
                  00003976    00000016     mspm0_i2c.o (.text.DL_I2C_transmitControllerData)
                  0000398c    00000016     main.o (.text.NVIC_Init)
                  000039a2    00000016     libc.a : copy_zero_init.c.obj (.text:decompress:ZI:__TI_zero_init_nomemset)
                  000039b8    00000014     Motor.o (.text.DL_GPIO_clearPins)
                  000039cc    00000014     mspm0_i2c.o (.text.DL_GPIO_clearPins)
                  000039e0    00000014     oled_software_i2c.o (.text.DL_GPIO_clearPins)
                  000039f4    00000014     ti_msp_dl_config.o (.text.DL_GPIO_clearPins)
                  00003a08    00000014     mspm0_i2c.o (.text.DL_I2C_getControllerStatus)
                  00003a1c    00000014     mspm0_i2c.o (.text.DL_I2C_receiveControllerData)
                  00003a30    00000014     ti_msp_dl_config.o (.text.DL_I2C_resetControllerTransfer)
                  00003a44    00000014     ti_msp_dl_config.o (.text.DL_SYSCTL_disableSYSPLL)
                  00003a58    00000014     ti_msp_dl_config.o (.text.DL_Timer_enableClock)
                  00003a6c    00000014     ti_msp_dl_config.o (.text.DL_Timer_setCCPDirection)
                  00003a80    00000014     inv_mpu_dmp_motion_driver.o (.text.dmp_register_android_orient_cb)
                  00003a94    00000014     inv_mpu_dmp_motion_driver.o (.text.dmp_register_tap_cb)
                  00003aa8    00000012     libc.a : memcpy16.S.obj (.text:TI_memcpy_small)
                  00003aba    00000012            : copy_decompress_none.c.obj (.text:decompress:none)
                  00003acc    00000010     ti_msp_dl_config.o (.text.DL_SYSCTL_disableHFXT)
                  00003adc    00000010     driverlib.a : dl_timer.o (.text.DL_Timer_setCaptureCompareValue)
                  00003aec    00000010     interrupt.o (.text.SysTick_Handler)
                  00003afc    00000010     oled_software_i2c.o (.text.delay_ms)
                  00003b0c    0000000e     mpu6050.o (.text.tap_cb)
                  00003b1a    0000000a     driverlib.a : dl_common.o (.text.DL_Common_delayCycles)
                  00003b24    0000000a     mpu6050.o (.text.android_orient_cb)
                  00003b2e    00000002     --HOLE-- [fill = 0]
                  00003b30    00000008     libclang_rt.builtins.a : aeabi_memcpy.S.obj (.text.__aeabi_memcpy)
                  00003b38    00000006     libc.a : exit.c.obj (.text:abort)
                  00003b3e    00000004     startup_mspm0g350x_ticlang.o (.text.Default_Handler)
                  00003b42    00000004     libsysbm.a : hostexit.c.obj (.text.HOSTexit)
                  00003b46    00000004     startup_mspm0g350x_ticlang.o (.text.Reset_Handler)
                  00003b4a    00000004     libc.a : pre_init.c.obj (.text._system_pre_init)
                  00003b4e    00000002     --HOLE-- [fill = 0]

.cinit     0    00004ff0    00000040     
                  00004ff0    00000019     (.cinit..data.load) [load image, compression = lzss]
                  00005009    00000003     --HOLE-- [fill = 0]
                  0000500c    0000000c     (__TI_handler_table)
                  00005018    00000008     (.cinit..bss.load) [load image, compression = zero_init]
                  00005020    00000010     (__TI_cinit_table)

.rodata    0    00003b50    000014a0     
                  00003b50    00000bf6     inv_mpu_dmp_motion_driver.o (.rodata.dmp_memory)
                  00004746    000005f0     oled_software_i2c.o (.rodata.asc2_1608)
                  00004d36    00000228     oled_software_i2c.o (.rodata.asc2_0806)
                  00004f5e    00000002     ti_msp_dl_config.o (.rodata.gI2C_MPU6050ClockConfig)
                  00004f60    00000028     ti_msp_dl_config.o (.rodata.gSYSPLLConfig)
                  00004f88    00000028     inv_mpu.o (.rodata.test)
                  00004fb0    0000001e     inv_mpu.o (.rodata.reg)
                  00004fce    0000000c     inv_mpu.o (.rodata.hw)
                  00004fda    00000009     main.o (.rodata.str1.15159059442110792349.1)
                  00004fe3    00000001     --HOLE-- [fill = 0]
                  00004fe4    00000008     ti_msp_dl_config.o (.rodata.gMotorConfig)
                  00004fec    00000003     ti_msp_dl_config.o (.rodata.gMotorClockConfig)
                  00004fef    00000001     --HOLE-- [fill = 0]

.init_array 
*          0    00000000    00000000     UNINITIALIZED

.binit     0    00000000    00000000     

.data      0    20200000    00000060     UNINITIALIZED
                  20200000    0000002c     inv_mpu.o (.data.st)
                  2020002c    00000010     inv_mpu_dmp_motion_driver.o (.data.dmp)
                  2020003c    0000000e     mpu6050.o (.data.hal)
                  2020004a    00000009     mpu6050.o (.data.gyro_orientation)
                  20200053    00000001     interrupt.o (.data.enable_group1_irq)
                  20200054    00000004     oled_software_i2c.o (.data.OLED_ShowCount.cnt)
                  20200058    00000004     main.o (.data.encoding_count0)
                  2020005c    00000004     main.o (.data.encoding_count1)

.bss       0    20200060    00000008     UNINITIALIZED
                  20200060    00000004     (.common:start_time)
                  20200064    00000004     (.common:tick_ms)

.stack     0    20207e00    00000200     UNINITIALIZED
                  20207e00    00000004     libc.a : boot_cortex_m.c.obj (.stack)
                  20207e04    000001fc     --HOLE--

__llvm_prf_cnts 
*          0    20200000    00000000     UNINITIALIZED

__llvm_prf_bits 
*          0    20200000    00000000     UNINITIALIZED

MODULE SUMMARY

       Module                         code    ro data   rw data
       ------                         ----    -------   -------
    .\
       ti_msp_dl_config.o             1846    53        0      
       main.o                         486     9         8      
       startup_mspm0g350x_ticlang.o   8       192       0      
       Motor.o                        180     0         0      
    +--+------------------------------+-------+---------+---------+
       Total:                         2520    254       8      
                                                               
    .\Drivers\MPU6050\
       inv_mpu_dmp_motion_driver.o    2470    3062      16     
       inv_mpu.o                      4336    82        44     
       mspm0_i2c.o                    1324    0         0      
       mpu6050.o                      588     0         23     
    +--+------------------------------+-------+---------+---------+
       Total:                         8718    3144      83     
                                                               
    .\Drivers\MSPM0\
       clock.o                        328     0         8      
       interrupt.o                    88      0         1      
    +--+------------------------------+-------+---------+---------+
       Total:                         416     0         9      
                                                               
    .\Drivers\OLED_Software_I2C\
       oled_software_i2c.o            1564    2072      4      
    +--+------------------------------+-------+---------+---------+
       Total:                         1564    2072      4      
                                                               
    D:/MSP/sdk/install/mspm0_sdk_2_05_00_05/source/ti/driverlib/lib/ticlang/m0p/mspm0g1x0x_g3x0x/driverlib.a
       dl_timer.o                     356     0         0      
       dl_sysctl_mspm0g1x0x_g3x0x.o   288     0         0      
       dl_i2c.o                       192     0         0      
       dl_common.o                    10      0         0      
    +--+------------------------------+-------+---------+---------+
       Total:                         846     0         0      
                                                               
    D:\ccs\install\ccs\tools\compiler\ti-cgt-armllvm_4.0.3.LTS\lib\armv6m-ti-none-eabi/c/libc.a
       copy_decompress_lzss.c.obj     124     0         0      
       autoinit.c.obj                 60      0         0      
       boot_cortex_m.c.obj            40      0         0      
       memcmp.c.obj                   32      0         0      
       copy_zero_init.c.obj           22      0         0      
       copy_decompress_none.c.obj     18      0         0      
       memcpy16.S.obj                 18      0         0      
       exit.c.obj                     6       0         0      
       pre_init.c.obj                 4       0         0      
    +--+------------------------------+-------+---------+---------+
       Total:                         324     0         0      
                                                               
    D:\ccs\install\ccs\tools\compiler\ti-cgt-armllvm_4.0.3.LTS\lib\armv6m-ti-none-eabi/c/libsysbm.a
       hostexit.c.obj                 4       0         0      
    +--+------------------------------+-------+---------+---------+
       Total:                         4       0         0      
                                                               
    D:\ccs\install\ccs\tools\compiler\ti-cgt-armllvm_4.0.3.LTS\lib\armv6m-ti-none-eabi/libclang_rt.builtins.a
       mulsf3.S.obj                   140     0         0      
       divsf3.S.obj                   130     0         0      
       aeabi_idivmod.S.obj            86      0         0      
       aeabi_uidivmod.S.obj           64      0         0      
       muldsi3.S.obj                  58      0         0      
       fixsfsi.S.obj                  56      0         0      
       floatunsisf.S.obj              40      0         0      
       aeabi_memcpy.S.obj             8       0         0      
       aeabi_div0.c.obj               2       0         0      
    +--+------------------------------+-------+---------+---------+
       Total:                         584     0         0      
                                                               
       Stack:                         0       0         512    
       Linker Generated:              0       61        0      
    +--+------------------------------+-------+---------+---------+
       Grand Total:                   14976   5531      616    


LINKER GENERATED COPY TABLES

__TI_cinit_table @ 00005020 records: 2, size/record: 8, table size: 16
	.data: load addr=00004ff0, load size=00000019 bytes, run addr=20200000, run size=00000060 bytes, compression=lzss
	.bss: load addr=00005018, load size=00000008 bytes, run addr=20200060, run size=00000008 bytes, compression=zero_init


LINKER GENERATED HANDLER TABLE

__TI_handler_table @ 0000500c records: 3, size/record: 4, table size: 12
	index: 0, handler: __TI_decompress_lzss
	index: 1, handler: __TI_decompress_none
	index: 2, handler: __TI_zero_init


GLOBAL SYMBOLS: SORTED ALPHABETICALLY BY Name 

address   name                                 
-------   ----                                 
00003b3f  ADC0_IRQHandler                      
00003b3f  ADC1_IRQHandler                      
00003b3f  AES_IRQHandler                       
00003b42  C$$EXIT                              
00003b3f  CANFD0_IRQHandler                    
00003b3f  DAC0_IRQHandler                      
00003b1b  DL_Common_delayCycles                
000028b1  DL_I2C_fillControllerTXFIFO          
00002e49  DL_I2C_flushControllerTXFIFO         
000033fb  DL_I2C_setClockConfig                
000018a9  DL_SYSCTL_configSYSPLL               
00002c85  DL_SYSCTL_switchMCLKfromSYSOSCtoHSCLK
000012e5  DL_Timer_initFourCCPWMMode           
00003639  DL_Timer_setCaptCompUpdateMethod     
000038e9  DL_Timer_setCaptureCompareOutCtl     
00003add  DL_Timer_setCaptureCompareValue      
00003655  DL_Timer_setClockConfig              
00003b3f  DMA_IRQHandler                       
00003b3f  Default_Handler                      
00003b3f  GROUP0_IRQHandler                    
000023ed  GROUP1_IRQHandler                    
00003b43  HOSTexit                             
00003b3f  HardFault_Handler                    
00003b3f  I2C0_IRQHandler                      
00003b3f  I2C1_IRQHandler                      
00002f75  I2C_Start                            
000030e5  I2C_Stop                             
00003115  I2C_WaitAck                          
00003671  Interrupt_Init                       
00000ab5  MPU6050_Init                         
00003489  Motor1_Off                           
000034a9  Motor1_On                            
00003421  Motor2_Off                           
00003445  Motor2_On                            
00003b3f  NMI_Handler                          
0000398d  NVIC_Init                            
000026c1  OLED_Clear                           
000014e9  OLED_Init                            
00002ec1  OLED_Set_Pos                         
000011cd  OLED_ShowChar                        
00003145  OLED_ShowCount                       
00003919  OLED_ShowInit                        
000015e3  OLED_ShowNum                         
00002651  OLED_ShowString                      
00002b15  OLED_WR_Byte                         
00003b3f  PendSV_Handler                       
00003b3f  RTC_IRQHandler                       
00003b47  Reset_Handler                        
00003b3f  SPI0_IRQHandler                      
00003b3f  SPI1_IRQHandler                      
00003b3f  SVC_Handler                          
00000f85  SYSCFG_DL_GPIO_init                  
0000296d  SYSCFG_DL_I2C_MPU6050_init           
00002149  SYSCFG_DL_Motor_init                 
00002b65  SYSCFG_DL_SYSCTL_init                
00003931  SYSCFG_DL_init                       
000029c5  SYSCFG_DL_initPower                  
0000246d  Send_Byte                            
00003aed  SysTick_Handler                      
00003949  SysTick_Init                         
00003b3f  TIMA0_IRQHandler                     
00003b3f  TIMA1_IRQHandler                     
00003b3f  TIMG0_IRQHandler                     
00003b3f  TIMG12_IRQHandler                    
00003b3f  TIMG6_IRQHandler                     
00003b3f  TIMG7_IRQHandler                     
00003b3f  TIMG8_IRQHandler                     
00003aa9  TI_memcpy_small                      
00003b3f  UART0_IRQHandler                     
00003b3f  UART1_IRQHandler                     
00003b3f  UART2_IRQHandler                     
00003b3f  UART3_IRQHandler                     
20208000  __STACK_END                          
00000200  __STACK_SIZE                         
00000000  __TI_ATRegion0_region_sz             
00000000  __TI_ATRegion0_src_addr              
00000000  __TI_ATRegion0_trg_addr              
00000000  __TI_ATRegion1_region_sz             
00000000  __TI_ATRegion1_src_addr              
00000000  __TI_ATRegion1_trg_addr              
00000000  __TI_ATRegion2_region_sz             
00000000  __TI_ATRegion2_src_addr              
00000000  __TI_ATRegion2_trg_addr              
00005020  __TI_CINIT_Base                      
00005030  __TI_CINIT_Limit                     
00005030  __TI_CINIT_Warm                      
0000500c  __TI_Handler_Table_Base              
00005018  __TI_Handler_Table_Limit             
00002efd  __TI_auto_init_nobinit_nopinit       
000024e9  __TI_decompress_lzss                 
00003abb  __TI_decompress_none                 
ffffffff  __TI_pprof_out_hndl                  
ffffffff  __TI_prof_data_size                  
ffffffff  __TI_prof_data_start                 
00000000  __TI_static_base__                   
000039a3  __TI_zero_init_nomemset              
00002fad  __aeabi_f2iz                         
00002369  __aeabi_fdiv                         
000021d5  __aeabi_fmul                         
00002a1d  __aeabi_idiv                         
00002147  __aeabi_idiv0                        
00002a1d  __aeabi_idivmod                      
00003b31  __aeabi_memcpy                       
00003b31  __aeabi_memcpy4                      
00003b31  __aeabi_memcpy8                      
00003385  __aeabi_ui2f                         
00002d51  __aeabi_uidiv                        
00002d51  __aeabi_uidivmod                     
ffffffff  __binit__                            
00002369  __divsf3                             
00002fad  __fixsfsi                            
00003385  __floatunsisf                        
UNDEFED   __mpu_init                           
00002f39  __muldsi3                            
000021d5  __mulsf3                             
20207e00  __stack                              
20200000  __start___llvm_prf_bits              
20200000  __start___llvm_prf_cnts              
20200000  __stop___llvm_prf_bits               
20200000  __stop___llvm_prf_cnts               
000033ad  _c_int00_noargs                      
UNDEFED   _system_post_cinit                   
00003b4b  _system_pre_init                     
00003b39  abort                                
00004d36  asc2_0806                            
00004746  asc2_1608                            
ffffffff  binit                                
00003afd  delay_ms                             
00002bad  dmp_enable_6x_lp_quat                
000000c1  dmp_enable_feature                   
00002791  dmp_enable_gyro_cal                  
00002bf5  dmp_enable_lp_quat                   
0000368d  dmp_load_motion_driver_firmware      
00003a81  dmp_register_android_orient_cb       
00003a95  dmp_register_tap_cb                  
00002019  dmp_set_fifo_rate                    
0000093d  dmp_set_orientation                  
00002cc9  dmp_set_shake_reject_thresh          
00003081  dmp_set_shake_reject_time            
000030b3  dmp_set_shake_reject_timeout         
0000272b  dmp_set_tap_axes                     
00002d0d  dmp_set_tap_count                    
00000339  dmp_set_tap_thresh                   
00003175  dmp_set_tap_time                     
000031a5  dmp_set_tap_time_multi               
20200053  enable_group1_irq                    
20200058  encoding_count0                      
2020005c  encoding_count1                      
00004fce  hw                                   
00000000  interruptVectors                     
00002565  main                                 
000034c9  memcmp                               
000027f1  mpu6050_i2c_sda_unlock               
00001cb1  mpu_configure_fifo                   
000025dd  mpu_get_accel_fsr                    
00002851  mpu_get_gyro_fsr                     
0000304d  mpu_get_sample_rate                  
00000e5d  mpu_init                             
000010a9  mpu_load_firmware                    
000013e9  mpu_lp_accel_mode                    
00001e25  mpu_read_mem                         
00000571  mpu_reset_fifo                       
000017c5  mpu_set_accel_fsr                    
0000079d  mpu_set_bypass                       
00001d6d  mpu_set_dmp_state                    
00001b29  mpu_set_gyro_fsr                     
00001f7d  mpu_set_int_latched                  
00001a59  mpu_set_lpf                          
000016d9  mpu_set_sample_rate                  
00000d2d  mpu_set_sensors                      
00001ed1  mpu_write_mem                        
000031d5  mspm0_delay_ms                       
000032b9  mspm0_get_clock_ms                   
00000bf9  mspm0_i2c_read                       
00001bed  mspm0_i2c_write                      
00003205  oled_pow                             
00004fb0  reg                                  
20200060  start_time                           
00004f88  test                                 
20200064  tick_ms                              


GLOBAL SYMBOLS: SORTED BY Symbol Address 

address   name                                 
-------   ----                                 
00000000  __TI_ATRegion0_region_sz             
00000000  __TI_ATRegion0_src_addr              
00000000  __TI_ATRegion0_trg_addr              
00000000  __TI_ATRegion1_region_sz             
00000000  __TI_ATRegion1_src_addr              
00000000  __TI_ATRegion1_trg_addr              
00000000  __TI_ATRegion2_region_sz             
00000000  __TI_ATRegion2_src_addr              
00000000  __TI_ATRegion2_trg_addr              
00000000  __TI_static_base__                   
00000000  interruptVectors                     
000000c1  dmp_enable_feature                   
00000200  __STACK_SIZE                         
00000339  dmp_set_tap_thresh                   
00000571  mpu_reset_fifo                       
0000079d  mpu_set_bypass                       
0000093d  dmp_set_orientation                  
00000ab5  MPU6050_Init                         
00000bf9  mspm0_i2c_read                       
00000d2d  mpu_set_sensors                      
00000e5d  mpu_init                             
00000f85  SYSCFG_DL_GPIO_init                  
000010a9  mpu_load_firmware                    
000011cd  OLED_ShowChar                        
000012e5  DL_Timer_initFourCCPWMMode           
000013e9  mpu_lp_accel_mode                    
000014e9  OLED_Init                            
000015e3  OLED_ShowNum                         
000016d9  mpu_set_sample_rate                  
000017c5  mpu_set_accel_fsr                    
000018a9  DL_SYSCTL_configSYSPLL               
00001a59  mpu_set_lpf                          
00001b29  mpu_set_gyro_fsr                     
00001bed  mspm0_i2c_write                      
00001cb1  mpu_configure_fifo                   
00001d6d  mpu_set_dmp_state                    
00001e25  mpu_read_mem                         
00001ed1  mpu_write_mem                        
00001f7d  mpu_set_int_latched                  
00002019  dmp_set_fifo_rate                    
00002147  __aeabi_idiv0                        
00002149  SYSCFG_DL_Motor_init                 
000021d5  __aeabi_fmul                         
000021d5  __mulsf3                             
00002369  __aeabi_fdiv                         
00002369  __divsf3                             
000023ed  GROUP1_IRQHandler                    
0000246d  Send_Byte                            
000024e9  __TI_decompress_lzss                 
00002565  main                                 
000025dd  mpu_get_accel_fsr                    
00002651  OLED_ShowString                      
000026c1  OLED_Clear                           
0000272b  dmp_set_tap_axes                     
00002791  dmp_enable_gyro_cal                  
000027f1  mpu6050_i2c_sda_unlock               
00002851  mpu_get_gyro_fsr                     
000028b1  DL_I2C_fillControllerTXFIFO          
0000296d  SYSCFG_DL_I2C_MPU6050_init           
000029c5  SYSCFG_DL_initPower                  
00002a1d  __aeabi_idiv                         
00002a1d  __aeabi_idivmod                      
00002b15  OLED_WR_Byte                         
00002b65  SYSCFG_DL_SYSCTL_init                
00002bad  dmp_enable_6x_lp_quat                
00002bf5  dmp_enable_lp_quat                   
00002c85  DL_SYSCTL_switchMCLKfromSYSOSCtoHSCLK
00002cc9  dmp_set_shake_reject_thresh          
00002d0d  dmp_set_tap_count                    
00002d51  __aeabi_uidiv                        
00002d51  __aeabi_uidivmod                     
00002e49  DL_I2C_flushControllerTXFIFO         
00002ec1  OLED_Set_Pos                         
00002efd  __TI_auto_init_nobinit_nopinit       
00002f39  __muldsi3                            
00002f75  I2C_Start                            
00002fad  __aeabi_f2iz                         
00002fad  __fixsfsi                            
0000304d  mpu_get_sample_rate                  
00003081  dmp_set_shake_reject_time            
000030b3  dmp_set_shake_reject_timeout         
000030e5  I2C_Stop                             
00003115  I2C_WaitAck                          
00003145  OLED_ShowCount                       
00003175  dmp_set_tap_time                     
000031a5  dmp_set_tap_time_multi               
000031d5  mspm0_delay_ms                       
00003205  oled_pow                             
000032b9  mspm0_get_clock_ms                   
00003385  __aeabi_ui2f                         
00003385  __floatunsisf                        
000033ad  _c_int00_noargs                      
000033fb  DL_I2C_setClockConfig                
00003421  Motor2_Off                           
00003445  Motor2_On                            
00003489  Motor1_Off                           
000034a9  Motor1_On                            
000034c9  memcmp                               
00003639  DL_Timer_setCaptCompUpdateMethod     
00003655  DL_Timer_setClockConfig              
00003671  Interrupt_Init                       
0000368d  dmp_load_motion_driver_firmware      
000038e9  DL_Timer_setCaptureCompareOutCtl     
00003919  OLED_ShowInit                        
00003931  SYSCFG_DL_init                       
00003949  SysTick_Init                         
0000398d  NVIC_Init                            
000039a3  __TI_zero_init_nomemset              
00003a81  dmp_register_android_orient_cb       
00003a95  dmp_register_tap_cb                  
00003aa9  TI_memcpy_small                      
00003abb  __TI_decompress_none                 
00003add  DL_Timer_setCaptureCompareValue      
00003aed  SysTick_Handler                      
00003afd  delay_ms                             
00003b1b  DL_Common_delayCycles                
00003b31  __aeabi_memcpy                       
00003b31  __aeabi_memcpy4                      
00003b31  __aeabi_memcpy8                      
00003b39  abort                                
00003b3f  ADC0_IRQHandler                      
00003b3f  ADC1_IRQHandler                      
00003b3f  AES_IRQHandler                       
00003b3f  CANFD0_IRQHandler                    
00003b3f  DAC0_IRQHandler                      
00003b3f  DMA_IRQHandler                       
00003b3f  Default_Handler                      
00003b3f  GROUP0_IRQHandler                    
00003b3f  HardFault_Handler                    
00003b3f  I2C0_IRQHandler                      
00003b3f  I2C1_IRQHandler                      
00003b3f  NMI_Handler                          
00003b3f  PendSV_Handler                       
00003b3f  RTC_IRQHandler                       
00003b3f  SPI0_IRQHandler                      
00003b3f  SPI1_IRQHandler                      
00003b3f  SVC_Handler                          
00003b3f  TIMA0_IRQHandler                     
00003b3f  TIMA1_IRQHandler                     
00003b3f  TIMG0_IRQHandler                     
00003b3f  TIMG12_IRQHandler                    
00003b3f  TIMG6_IRQHandler                     
00003b3f  TIMG7_IRQHandler                     
00003b3f  TIMG8_IRQHandler                     
00003b3f  UART0_IRQHandler                     
00003b3f  UART1_IRQHandler                     
00003b3f  UART2_IRQHandler                     
00003b3f  UART3_IRQHandler                     
00003b42  C$$EXIT                              
00003b43  HOSTexit                             
00003b47  Reset_Handler                        
00003b4b  _system_pre_init                     
00004746  asc2_1608                            
00004d36  asc2_0806                            
00004f88  test                                 
00004fb0  reg                                  
00004fce  hw                                   
0000500c  __TI_Handler_Table_Base              
00005018  __TI_Handler_Table_Limit             
00005020  __TI_CINIT_Base                      
00005030  __TI_CINIT_Limit                     
00005030  __TI_CINIT_Warm                      
20200000  __start___llvm_prf_bits              
20200000  __start___llvm_prf_cnts              
20200000  __stop___llvm_prf_bits               
20200000  __stop___llvm_prf_cnts               
20200053  enable_group1_irq                    
20200058  encoding_count0                      
2020005c  encoding_count1                      
20200060  start_time                           
20200064  tick_ms                              
20207e00  __stack                              
20208000  __STACK_END                          
ffffffff  __TI_pprof_out_hndl                  
ffffffff  __TI_prof_data_size                  
ffffffff  __TI_prof_data_start                 
ffffffff  __binit__                            
ffffffff  binit                                
UNDEFED   __mpu_init                           
UNDEFED   _system_post_cinit                   

[180 symbols]
